Archive member included to satisfy reference by file (symbol)

c:/program files/microchip/xc32/v2.41/bin/bin/../../lib/gcc/pic32c/6.2.1/../../../../pic32c/lib\libpic32c.a(data_init.o)
                              build/sam_l22_xpro/debug/_ext/958067195/startup_xc32.o (__pic32c_data_initialization)
c:/program files/microchip/xc32/v2.41/bin/bin/../../lib/gcc/pic32c/6.2.1\libgcc.a(_udivsi3.o)
                              build/sam_l22_xpro/debug/_ext/1847749054/LTC2944.o (__aeabi_uidiv)
c:/program files/microchip/xc32/v2.41/bin/bin/../../lib/gcc/pic32c/6.2.1\libgcc.a(_dvmd_tls.o)
                              c:/program files/microchip/xc32/v2.41/bin/bin/../../lib/gcc/pic32c/6.2.1\libgcc.a(_udivsi3.o) (__aeabi_idiv0)
c:/program files/microchip/xc32/v2.41/bin/bin/../../lib/gcc/pic32c/6.2.1/../../../../pic32c/lib\libg_nano.a(lib_a-init.o)
                              build/sam_l22_xpro/debug/_ext/958067195/startup_xc32.o (__libc_init_array)
c:/program files/microchip/xc32/v2.41/bin/bin/../../lib/gcc/pic32c/6.2.1/../../../../pic32c/lib\libg_nano.a(lib_a-memcpy-stub.o)
                              build/sam_l22_xpro/debug/_ext/1847749054/PreShooting.o (memcpy)
c:/program files/microchip/xc32/v2.41/bin/bin/../../lib/gcc/pic32c/6.2.1/../../../../pic32c/lib\libg_nano.a(lib_a-memset.o)
                              build/sam_l22_xpro/debug/_ext/1847749054/LTC2944.o (memset)
c:/program files/microchip/xc32/v2.41/bin/bin/../../lib/gcc/pic32c/6.2.1/../../../../pic32c/lib\libg_nano.a(lib_a-printf.o)
                              build/sam_l22_xpro/debug/_ext/1847749054/PreShooting.o (printf)
c:/program files/microchip/xc32/v2.41/bin/bin/../../lib/gcc/pic32c/6.2.1/../../../../pic32c/lib\libg_nano.a(lib_a-findfp.o)
                              c:/program files/microchip/xc32/v2.41/bin/bin/../../lib/gcc/pic32c/6.2.1/../../../../pic32c/lib\libg_nano.a(lib_a-printf.o) (__sinit)
c:/program files/microchip/xc32/v2.41/bin/bin/../../lib/gcc/pic32c/6.2.1/../../../../pic32c/lib\libg_nano.a(lib_a-fwalk.o)
                              c:/program files/microchip/xc32/v2.41/bin/bin/../../lib/gcc/pic32c/6.2.1/../../../../pic32c/lib\libg_nano.a(lib_a-findfp.o) (_fwalk_reent)
c:/program files/microchip/xc32/v2.41/bin/bin/../../lib/gcc/pic32c/6.2.1/../../../../pic32c/lib\libg_nano.a(lib_a-impure.o)
                              c:/program files/microchip/xc32/v2.41/bin/bin/../../lib/gcc/pic32c/6.2.1/../../../../pic32c/lib\libg_nano.a(lib_a-findfp.o) (_global_impure_ptr)
c:/program files/microchip/xc32/v2.41/bin/bin/../../lib/gcc/pic32c/6.2.1/../../../../pic32c/lib\libg_nano.a(lib_a-nano-mallocr.o)
                              c:/program files/microchip/xc32/v2.41/bin/bin/../../lib/gcc/pic32c/6.2.1/../../../../pic32c/lib\libg_nano.a(lib_a-findfp.o) (_malloc_r)
c:/program files/microchip/xc32/v2.41/bin/bin/../../lib/gcc/pic32c/6.2.1/../../../../pic32c/lib\libg_nano.a(lib_a-nano-vfprintf.o)
                              c:/program files/microchip/xc32/v2.41/bin/bin/../../lib/gcc/pic32c/6.2.1/../../../../pic32c/lib\libg_nano.a(lib_a-printf.o) (_vfprintf_r)
c:/program files/microchip/xc32/v2.41/bin/bin/../../lib/gcc/pic32c/6.2.1/../../../../pic32c/lib\libg_nano.a(_lib_a-nano-vfprintf.s.o)
                              c:/program files/microchip/xc32/v2.41/bin/bin/../../lib/gcc/pic32c/6.2.1/../../../../pic32c/lib\libg_nano.a(lib_a-nano-vfprintf.o) (_printf_float)
c:/program files/microchip/xc32/v2.41/bin/bin/../../lib/gcc/pic32c/6.2.1/../../../../pic32c/lib\libg_nano.a(lib_a-sbrkr.o)
                              c:/program files/microchip/xc32/v2.41/bin/bin/../../lib/gcc/pic32c/6.2.1/../../../../pic32c/lib\libg_nano.a(lib_a-nano-mallocr.o) (_sbrk_r)
c:/program files/microchip/xc32/v2.41/bin/bin/../../lib/gcc/pic32c/6.2.1/../../../../pic32c/lib\libg_nano.a(lib_a-__ssfputs.o)
                              c:/program files/microchip/xc32/v2.41/bin/bin/../../lib/gcc/pic32c/6.2.1/../../../../pic32c/lib\libg_nano.a(lib_a-nano-vfprintf.o) (__ssfputs_r)
c:/program files/microchip/xc32/v2.41/bin/bin/../../lib/gcc/pic32c/6.2.1/../../../../pic32c/lib\libg_nano.a(lib_a-stdio.o)
                              c:/program files/microchip/xc32/v2.41/bin/bin/../../lib/gcc/pic32c/6.2.1/../../../../pic32c/lib\libg_nano.a(lib_a-findfp.o) (__sread)
c:/program files/microchip/xc32/v2.41/bin/bin/../../lib/gcc/pic32c/6.2.1/../../../../pic32c/lib\libg_nano.a(lib_a-wbuf.o)
                              c:/program files/microchip/xc32/v2.41/bin/bin/../../lib/gcc/pic32c/6.2.1/../../../../pic32c/lib\libg_nano.a(lib_a-__ssfputs.o) (__swbuf_r)
c:/program files/microchip/xc32/v2.41/bin/bin/../../lib/gcc/pic32c/6.2.1/../../../../pic32c/lib\libg_nano.a(lib_a-writer.o)
                              c:/program files/microchip/xc32/v2.41/bin/bin/../../lib/gcc/pic32c/6.2.1/../../../../pic32c/lib\libg_nano.a(lib_a-stdio.o) (_write_r)
[...]
Memory Configuration

Name             Origin             Length             Attributes
rom              0x00000000         0x00040000         xrl
ram              0x20000000         0x00008000         xw !r
config_00804000  0x00804000         0x00000004
config_00804004  0x00804004         0x00000004
*default*        0x00000000         0xffffffff

Linker script and memory map

LOAD c:/program files/microchip/xc32/v2.41/bin/bin/../../lib/gcc/pic32c/6.2.1/crti.o
LOAD c:/program files/microchip/xc32/v2.41/bin/bin/../../lib/gcc/pic32c/6.2.1/crtbegin.o
LOAD build/sam_l22_xpro/debug/_ext/1847749054/LTC2944.o
LOAD build/sam_l22_xpro/debug/_ext/1847749054/comm.o
LOAD build/sam_l22_xpro/debug/_ext/1847749054/eeprom.o
LOAD build/sam_l22_xpro/debug/_ext/1847749054/global.o
LOAD build/sam_l22_xpro/debug/_ext/1847749054/gpio.o
LOAD build/sam_l22_xpro/debug/_ext/1847749054/lm75.o
LOAD build/sam_l22_xpro/debug/_ext/1847749054/mgc3130.o
LOAD build/sam_l22_xpro/debug/_ext/1847749054/test.o
LOAD build/sam_l22_xpro/debug/_ext/1847749054/time.o
LOAD build/sam_l22_xpro/debug/_ext/1847749054/tm_event.o
LOAD build/sam_l22_xpro/debug/_ext/1847749054/uart_M4.o
LOAD build/sam_l22_xpro/debug/_ext/1847749054/g_stk8ba53.o
LOAD build/sam_l22_xpro/debug/_ext/1847749054/PreShooting.o
LOAD build/sam_l22_xpro/debug/_ext/431015903/plib_adc.o
LOAD build/sam_l22_xpro/debug/_ext/1887322289/plib_clock.o
LOAD build/sam_l22_xpro/debug/_ext/431011904/plib_eic.o
LOAD build/sam_l22_xpro/debug/_ext/1885172803/plib_evsys.o
LOAD build/sam_l22_xpro/debug/_ext/476186239/plib_nvic.o
LOAD build/sam_l22_xpro/debug/_ext/216541841/plib_nvmctrl.o
LOAD build/sam_l22_xpro/debug/_ext/13903268/plib_pm.o
LOAD build/sam_l22_xpro/debug/_ext/476133088/plib_port.o
LOAD build/sam_l22_xpro/debug/_ext/62028211/sercom0_uart.o
LOAD build/sam_l22_xpro/debug/_ext/33399060/sercom1_uart.o
LOAD build/sam_l22_xpro/debug/_ext/4769909/sercom2_uart.o
LOAD build/sam_l22_xpro/debug/_ext/23859242/sercom3_uart.o
LOAD build/sam_l22_xpro/debug/_ext/52488393/sercom4_uart.o
LOAD build/sam_l22_xpro/debug/_ext/80714413/sercom5_i2cm.o
LOAD build/sam_l22_xpro/debug/_ext/451016939/plib_systick.o
LOAD build/sam_l22_xpro/debug/_ext/1876745589/xc32_monitor.o
LOAD build/sam_l22_xpro/debug/_ext/958067195/initialization.o
LOAD build/sam_l22_xpro/debug/_ext/958067195/interrupts.o
LOAD build/sam_l22_xpro/debug/_ext/958067195/exceptions.o
LOAD build/sam_l22_xpro/debug/_ext/958067195/startup_xc32.o
LOAD build/sam_l22_xpro/debug/_ext/958067195/libc_syscalls.o
LOAD build/sam_l22_xpro/debug/_ext/1360937237/main.o
                0x00000001                __MPLAB_BUILD = 0x1
                0x00000001                __ICD2RAM = 0x1
                0x00000001                __MPLAB_DEBUG = 0x1
                0x00000001                __DEBUG = 0x1
                0x00000400                _min_heap_size = 0x400
                0x00000400                _min_stack_size = 0x400
START GROUP
LOAD c:/program files/microchip/xc32/v2.41/bin/bin/../../lib/gcc/pic32c/6.2.1/../../../../pic32c/lib\libpic32c.a
LOAD c:/program files/microchip/xc32/v2.41/bin/bin/../../lib/gcc/pic32c/6.2.1\libgcc.a
LOAD c:/program files/microchip/xc32/v2.41/bin/bin/../../lib/gcc/pic32c/6.2.1/../../../../pic32c/lib\libg_nano.a
LOAD c:/program files/microchip/xc32/v2.41/bin/bin/../../lib/gcc/pic32c/6.2.1/../../../../pic32c/lib\libm_nano.a
LOAD c:/program files/microchip/xc32/v2.41/bin/bin/../../lib/gcc/pic32c/6.2.1/../../../../pic32c/lib\libc_nano.a
END GROUP
LOAD c:/program files/microchip/xc32/v2.41/bin/bin/../../lib/gcc/pic32c/6.2.1/crtend.o
LOAD c:/program files/microchip/xc32/v2.41/bin/bin/../../lib/gcc/pic32c/6.2.1/crtn.o
                0x00040000                __rom_end = (ORIGIN (rom) + LENGTH (rom))
                0x20008000                __ram_end = (ORIGIN (ram) + LENGTH (ram))

.config_00804000
                0x00804000        0x4
 *(.config_00804000)
 .config_00804000
                0x00804000        0x4 build/sam_l22_xpro/debug/_ext/958067195/initialization.o

.config_00804004
                0x00804004        0x4
 *(.config_00804004)
 .config_00804004
                0x00804004        0x4 build/sam_l22_xpro/debug/_ext/958067195/initialization.o

.vectors        0x00000000       0xa8
                0x00000000                . = ALIGN (0x4)
                0x00000000                _sfixed = .
 *(.vectors .vectors.* .vectors_default .vectors_default.*)
 .vectors       0x00000000       0xa8 build/sam_l22_xpro/debug/_ext/958067195/interrupts.o
                0x00000000                exception_table
 *(.isr_vector)
 *(.reset*)
 *(.after_vectors)

.text           0x000000a8       0x20
                0x000000a8                . = ALIGN (0x4)
 *(.glue_7t)
 .glue_7t       0x000000a8        0x0 linker stubs
 *(.glue_7)
 .glue_7        0x000000a8        0x0 linker stubs
 *(.gnu.linkonce.r.*)
 *(.ARM.extab* .gnu.linkonce.armextab.*)
                0x000000a8                . = ALIGN (0x4)
 *(.init)
 .init          0x000000a8        0x4 c:/program files/microchip/xc32/v2.41/bin/bin/../../lib/gcc/pic32c/6.2.1/crti.o
                0x000000a8                _init
 .init          0x000000ac        0x8 c:/program files/microchip/xc32/v2.41/bin/bin/../../lib/gcc/pic32c/6.2.1/crtn.o
                0x000000b4                . = ALIGN (0x4)
                0x000000b4                __preinit_array_start = .
 *(.preinit_array)
                0x000000b4                __preinit_array_end = .
                0x000000b4                . = ALIGN (0x4)
                0x000000b4                __init_array_start = .
 *(SORT(.init_array.*))
 *(.init_array)
 .init_array    0x000000b4        0x4 c:/program files/microchip/xc32/v2.41/bin/bin/../../lib/gcc/pic32c/6.2.1/crtbegin.o
                0x000000b8                __init_array_end = .
                0x000000b8                . = ALIGN (0x4)
 *crtbegin.o(.ctors)
 *(EXCLUDE_FILE(*crtend.o) .ctors)
 *(SORT(.ctors.*))
 *crtend.o(.ctors)
                0x000000b8                . = ALIGN (0x4)
 *(.fini)
 .fini          0x000000b8        0x4 c:/program files/microchip/xc32/v2.41/bin/bin/../../lib/gcc/pic32c/6.2.1/crti.o
                0x000000b8                _fini
 .fini          0x000000bc        0x8 c:/program files/microchip/xc32/v2.41/bin/bin/../../lib/gcc/pic32c/6.2.1/crtn.o
                0x000000c4                . = ALIGN (0x4)
                0x000000c4                __fini_array_start = .
 *(.fini_array)
 .fini_array    0x000000c4        0x4 c:/program files/microchip/xc32/v2.41/bin/bin/../../lib/gcc/pic32c/6.2.1/crtbegin.o
 *(SORT(.fini_array.*))
                0x000000c8                __fini_array_end = .
 *crtbegin.o(.dtors)
 *(EXCLUDE_FILE(*crtend.o) .dtors)
 *(SORT(.dtors.*))
 *crtend.o(.dtors)
                0x000000c8                . = ALIGN (0x4)
                0x000000c8                _efixed = .
                [!provide]                PROVIDE (__exidx_start, .)

.ARM.exidx
 *(.ARM.exidx* .gnu.linkonce.armexidx.*)
                [!provide]                PROVIDE (__exidx_end, .)
                0x000000c8                . = ALIGN (0x4)
                0x000000c8                _etext = .

.bss            0x20000000     0x367c
                0x20000000                . = ALIGN (0x4)
                0x20000000                __bss_start__ = .
                0x20000000                _sbss = .
                0x20000000                _szero = .
 *(COMMON)
 COMMON         0x20000000       0x7c build/sam_l22_xpro/debug/_ext/1847749054/LTC2944.o
                0x20000000                PredictionDataA
                0x20000038                pPredictionDataA
                0x2000003c                pPredictionDataB
                0x20000040                PredictionDataB
                0x20000078                tm_ltc2944_read
 COMMON         0x2000007c       0x20 build/sam_l22_xpro/debug/_ext/1847749054/comm.o
                0x2000007c                radar_X
                0x20000080                flg_Radar_Info_noSkip
                0x20000084                radar_L
                0x20000088                radar_H
                0x2000008c                radar_W
                0x20000090                radar_Y
                0x20000094                tm_Radar_ReStart_state
                0x20000098                Radar_ReStart_state
 COMMON         0x2000009c        0xe build/sam_l22_xpro/debug/_ext/1847749054/eeprom.o
                0x2000009c                eepData_writeBuf
                0x200000a0                eepData_writeLength
                0x200000a2                eepData_writeAddr
                0x200000a4                tm_eep_Active
                0x200000a8                eepData_writeByte
 *fill*         0x200000aa        0x2 
 COMMON         0x200000ac      0x208 build/sam_l22_xpro/debug/_ext/1847749054/global.o
                0x200000ac                uartM4_BUFF
                0x200000d0                sysInfo
                0x20000148                M0_AllDevStatus
                0x200002a4                EIC_IntFlagStatus
                0x200002a8                M0_alarm_A53
 COMMON         0x200002b4        0xf build/sam_l22_xpro/debug/_ext/1847749054/gpio.o
                0x200002b4                tm_wakeupA53_puls
                0x200002b8                wakeupA53_puls_cnt
                0x200002bc                tm_WDT
                0x200002c0                WDT_cnt
                0x200002c1                wakeupA53_flg
                0x200002c2                A53sleep_status
 *fill*         0x200002c3        0x1 
 COMMON         0x200002c4        0x4 build/sam_l22_xpro/debug/_ext/1847749054/lm75.o
                0x200002c4                tm_lm75_read
 COMMON         0x200002c8        0x2 build/sam_l22_xpro/debug/_ext/1847749054/mgc3130.o
                0x200002c8                mgc_i2c_RxLength
                0x200002c9                flg_mgc_ts
 *fill*         0x200002ca        0x2 
 COMMON         0x200002cc      0x1e9 build/sam_l22_xpro/debug/_ext/1847749054/tm_event.o
                0x200002cc                In_Timer_Proc
                0x200002d0                tm_Event
                0x200004b0                tm_Event_index
                0x200004b4                timer_1ms_flag
 *fill*         0x200004b5        0x3 
 COMMON         0x200004b8        0x8 build/sam_l22_xpro/debug/_ext/1847749054/uart_M4.o
                0x200004b8                tm_Tst01
                0x200004bc                tst_a53m0_Rx_Cnt
 COMMON         0x200004c0       0x19 build/sam_l22_xpro/debug/_ext/1847749054/g_stk8ba53.o
                0x200004c0                tm_STK8BA53_INT_start
                0x200004c4                tstBuf
                0x200004d4                tm_STK8BA53_Req
                0x200004d8                flg_g_sensor_INT
 *fill*         0x200004d9        0x3 
 COMMON         0x200004dc        0xc build/sam_l22_xpro/debug/_ext/431015903/plib_adc.o
                0x200004dc                adc_channel
                0x200004e0                tm_Get_ADC
                0x200004e4                tm_CK_BAT_logic
 COMMON         0x200004e8      0x334 build/sam_l22_xpro/debug/_ext/62028211/sercom0_uart.o
                0x200004e8                uartChili2S_TXbuf
                0x20000568                uartChili2S_tx_buffer
                0x2000056c                uartChili2S_buffer
                0x20000570                uartChili2S_rx_Qbuf
                0x20000670                uartChili2S_BUFF
                0x20000694                Tst_length
                0x20000698                uartChili2S_RXbuf
                0x20000718                uartChili2S_tx_Qbuf
                0x20000818                uartChili2S_rx_buffer
 COMMON         0x2000081c      0xc4c build/sam_l22_xpro/debug/_ext/33399060/sercom1_uart.o
                0x2000081c                uartM4_RXbuf
                0x20000c5c                uartM4_tx_buffer
                0x20000c60                uartM4_tx_Qbuf
                0x20001060                uartM4_buffer
                0x20001064                uartM4_rx_Qbuf
                0x20001464                uartM4_rx_buffer
 COMMON         0x20001468     0x1908 build/sam_l22_xpro/debug/_ext/4769909/sercom2_uart.o
                0x20001468                uartTLSAM_buffer
                0x2000146c                CHK1
                0x20001470                tm_TLSAM_Test
                0x20001474                CHK2
                0x20001478                uartTLSAM_rx_buffer
                0x2000147c                uartTLSAM_BUFF
                0x200014a0                uartTLSAM_tx_buffer
                0x200014a4                uartTLSAM_tx_Qbuf
                0x200018a4                uartTLSAM_RXbuf
                0x20001ee4                TLSAM_Data
                0x2000256c                tm_TLSAM
                0x20002570                uartTLSAM_TXbuf
                0x20002970                uartTLSAM_rx_Qbuf
 COMMON         0x20002d70      0x374 build/sam_l22_xpro/debug/_ext/23859242/sercom3_uart.o
                0x20002d70                uartRadarA_TXbuf
                0x20002df0                uartRadarA_tx_Qbuf
                0x20002ef0                ckSUM_RadarA
                0x20002ef4                uartRadarA_BUFF
                0x20002f18                uartRadarA_rx_buffer
                0x20002f1c                uartRadarA_Set_param
                0x20002f3c                uartRadarA_buffer
                0x20002f40                uartRadarA_RXbuf
                0x20002fc0                uartRadarA_tx_buffer
                0x20002fc4                RadarA_Set_Data
                0x20002fe4                uartRadarA_rx_Qbuf
 COMMON         0x200030e4      0x374 build/sam_l22_xpro/debug/_ext/52488393/sercom4_uart.o
                0x200030e4                uartRadarB_buffer
                0x200030e8                uartRadarB_rx_buffer
                0x200030ec                uartRadarB_TXbuf
                0x2000316c                RadarB_Set_Data
                0x2000318c                uartRadarB_tx_Qbuf
                0x2000328c                uartRadarB_RXbuf
                0x2000330c                uartRadarB_BUFF
                0x20003330                uartRadarB_Set_param
                0x20003350                uartRadarB_tx_buffer
                0x20003354                ckSUM_RadarB
                0x20003358                uartRadarB_rx_Qbuf
 COMMON         0x20003458      0x212 build/sam_l22_xpro/debug/_ext/80714413/sercom5_i2cm.o
                0x20003458                i2c_ack
                0x2000345c                i2c_TxBuf
                0x2000355c                i2c_txIndex
                0x20003560                i2c_rxIndex
                0x20003564                i2c_RxBuf
                0x20003664                i2c_interface
 *fill*         0x2000366a        0x2 
 COMMON         0x2000366c        0xc build/sam_l22_xpro/debug/_ext/451016939/plib_systick.o
                0x2000366c                systick
 COMMON         0x20003678        0x4 c:/program files/microchip/xc32/v2.41/bin/bin/../../lib/gcc/pic32c/6.2.1/../../../../pic32c/lib\libg_nano.a(lib_a-reent.o)
                0x20003678                errno
                0x2000367c                . = ALIGN (0x4)
                0x2000367c                __bss_end__ = .
                0x2000367c                _ebss = .
                0x2000367c                _ezero = .
                0x2000367c                . = ALIGN (0x4)
                0x2000367c                _end = .
                0x20007fff                _ram_end_ = ((ORIGIN (ram) + LENGTH (ram)) - 0x1)
OUTPUT(dist/sam_l22_xpro/debug/Prj312_ALL.X.debug.elf elf32-littlearm)
LOAD stack
LOAD data_init

.ARM.attributes
                0x00000000       0x28
 .ARM.attributes
                0x00000000       0x1e c:/program files/microchip/xc32/v2.41/bin/bin/../../lib/gcc/pic32c/6.2.1/crti.o
 .ARM.attributes
                0x0000001e       0x2c c:/program files/microchip/xc32/v2.41/bin/bin/../../lib/gcc/pic32c/6.2.1/crtbegin.o
 .ARM.attributes
                0x0000004a       0x32 build/sam_l22_xpro/debug/_ext/1847749054/LTC2944.o
 .ARM.attributes
                0x0000007c       0x32 build/sam_l22_xpro/debug/_ext/1847749054/comm.o
 .ARM.attributes
                0x000000ae       0x32 build/sam_l22_xpro/debug/_ext/1847749054/eeprom.o
 .ARM.attributes
                0x000000e0       0x32 build/sam_l22_xpro/debug/_ext/1847749054/global.o
 .ARM.attributes
                0x00000112       0x32 build/sam_l22_xpro/debug/_ext/1847749054/gpio.o
 .ARM.attributes
                0x00000144       0x32 build/sam_l22_xpro/debug/_ext/1847749054/lm75.o
 .ARM.attributes
                0x00000176       0x32 build/sam_l22_xpro/debug/_ext/1847749054/mgc3130.o
 .ARM.attributes
                0x000001a8       0x32 build/sam_l22_xpro/debug/_ext/1847749054/time.o
 .ARM.attributes
                0x000001da       0x32 build/sam_l22_xpro/debug/_ext/1847749054/tm_event.o
 .ARM.attributes
                0x0000020c       0x32 build/sam_l22_xpro/debug/_ext/1847749054/uart_M4.o
 .ARM.attributes
                0x0000023e       0x32 build/sam_l22_xpro/debug/_ext/1847749054/g_stk8ba53.o
 .ARM.attributes
                0x00000270       0x32 build/sam_l22_xpro/debug/_ext/1847749054/PreShooting.o
 .ARM.attributes
                0x000002a2       0x32 build/sam_l22_xpro/debug/_ext/431015903/plib_adc.o
 .ARM.attributes
                0x000002d4       0x32 build/sam_l22_xpro/debug/_ext/1887322289/plib_clock.o
 .ARM.attributes
                0x00000306       0x32 build/sam_l22_xpro/debug/_ext/431011904/plib_eic.o
 .ARM.attributes
                0x00000338       0x32 build/sam_l22_xpro/debug/_ext/1885172803/plib_evsys.o
 .ARM.attributes
                0x0000036a       0x32 build/sam_l22_xpro/debug/_ext/476186239/plib_nvic.o
 .ARM.attributes
                0x0000039c       0x32 build/sam_l22_xpro/debug/_ext/216541841/plib_nvmctrl.o
 .ARM.attributes
                0x000003ce       0x32 build/sam_l22_xpro/debug/_ext/13903268/plib_pm.o
 .ARM.attributes
                0x00000400       0x32 build/sam_l22_xpro/debug/_ext/62028211/sercom0_uart.o
 .ARM.attributes
                0x00000432       0x32 build/sam_l22_xpro/debug/_ext/33399060/sercom1_uart.o
 .ARM.attributes
                0x00000464       0x32 build/sam_l22_xpro/debug/_ext/4769909/sercom2_uart.o
 .ARM.attributes
                0x00000496       0x32 build/sam_l22_xpro/debug/_ext/23859242/sercom3_uart.o
 .ARM.attributes
                0x000004c8       0x32 build/sam_l22_xpro/debug/_ext/52488393/sercom4_uart.o
 .ARM.attributes
                0x000004fa       0x32 build/sam_l22_xpro/debug/_ext/80714413/sercom5_i2cm.o
 .ARM.attributes
                0x0000052c       0x32 build/sam_l22_xpro/debug/_ext/451016939/plib_systick.o
 .ARM.attributes
                0x0000055e       0x32 build/sam_l22_xpro/debug/_ext/1876745589/xc32_monitor.o
 .ARM.attributes
                0x00000590       0x32 build/sam_l22_xpro/debug/_ext/958067195/initialization.o
 .ARM.attributes
                0x000005c2       0x32 build/sam_l22_xpro/debug/_ext/958067195/interrupts.o
 .ARM.attributes
                0x000005f4       0x32 build/sam_l22_xpro/debug/_ext/958067195/exceptions.o
 .ARM.attributes
                0x00000626       0x32 build/sam_l22_xpro/debug/_ext/958067195/startup_xc32.o
 .ARM.attributes
                0x00000658       0x32 build/sam_l22_xpro/debug/_ext/1360937237/main.o
 .ARM.attributes
                0x0000068a       0x2c c:/program files/microchip/xc32/v2.41/bin/bin/../../lib/gcc/pic32c/6.2.1/../../../../pic32c/lib\libpic32c.a(data_init.o)
 .ARM.attributes
                0x000006b6       0x1e c:/program files/microchip/xc32/v2.41/bin/bin/../../lib/gcc/pic32c/6.2.1\libgcc.a(_udivsi3.o)
 .ARM.attributes
                0x000006d4       0x1e c:/program files/microchip/xc32/v2.41/bin/bin/../../lib/gcc/pic32c/6.2.1\libgcc.a(_dvmd_tls.o)
 .ARM.attributes
                0x000006f2       0x2c c:/program files/microchip/xc32/v2.41/bin/bin/../../lib/gcc/pic32c/6.2.1/../../../../pic32c/lib\libg_nano.a(lib_a-init.o)
 .ARM.attributes
                0x0000071e       0x2c c:/program files/microchip/xc32/v2.41/bin/bin/../../lib/gcc/pic32c/6.2.1/../../../../pic32c/lib\libg_nano.a(lib_a-memcpy-stub.o)
 .ARM.attributes
                0x0000074a       0x2c c:/program files/microchip/xc32/v2.41/bin/bin/../../lib/gcc/pic32c/6.2.1/../../../../pic32c/lib\libg_nano.a(lib_a-memset.o)
 .ARM.attributes
                0x00000776       0x2c c:/program files/microchip/xc32/v2.41/bin/bin/../../lib/gcc/pic32c/6.2.1/../../../../pic32c/lib\libg_nano.a(lib_a-printf.o)
 .ARM.attributes
                0x000007a2       0x2c c:/program files/microchip/xc32/v2.41/bin/bin/../../lib/gcc/pic32c/6.2.1/../../../../pic32c/lib\libg_nano.a(lib_a-findfp.o)
 .ARM.attributes
                0x000007ce       0x2c c:/program files/microchip/xc32/v2.41/bin/bin/../../lib/gcc/pic32c/6.2.1/../../../../pic32c/lib\libg_nano.a(lib_a-fwalk.o)
 .ARM.attributes
                0x000007fa       0x2c c:/program files/microchip/xc32/v2.41/bin/bin/../../lib/gcc/pic32c/6.2.1/../../../../pic32c/lib\libg_nano.a(lib_a-impure.o)
 .ARM.attributes
                0x00000826       0x2c c:/program files/microchip/xc32/v2.41/bin/bin/../../lib/gcc/pic32c/6.2.1/../../../../pic32c/lib\libg_nano.a(lib_a-nano-mallocr.o)
 .ARM.attributes
                0x00000852       0x2c c:/program files/microchip/xc32/v2.41/bin/bin/../../lib/gcc/pic32c/6.2.1/../../../../pic32c/lib\libg_nano.a(lib_a-nano-vfprintf.o)
 .ARM.attributes
                0x0000087e       0x2c c:/program files/microchip/xc32/v2.41/bin/bin/../../lib/gcc/pic32c/6.2.1/../../../../pic32c/lib\libg_nano.a(_lib_a-nano-vfprintf.s.o)
 .ARM.attributes
                0x000008aa       0x2c c:/program files/microchip/xc32/v2.41/bin/bin/../../lib/gcc/pic32c/6.2.1/../../../../pic32c/lib\libg_nano.a(lib_a-sbrkr.o)
 .ARM.attributes
                0x000008d6       0x2c c:/program files/microchip/xc32/v2.41/bin/bin/../../lib/gcc/pic32c/6.2.1/../../../../pic32c/lib\libg_nano.a(lib_a-__ssfputs.o)
 .ARM.attributes
                0x00000902       0x2c c:/program files/microchip/xc32/v2.41/bin/bin/../../lib/gcc/pic32c/6.2.1/../../../../pic32c/lib\libg_nano.a(lib_a-stdio.o)
 .ARM.attributes
                0x0000092e       0x2c c:/program files/microchip/xc32/v2.41/bin/bin/../../lib/gcc/pic32c/6.2.1/../../../../pic32c/lib\libg_nano.a(lib_a-wbuf.o)
 .ARM.attributes
                0x0000095a       0x2c c:/program files/microchip/xc32/v2.41/bin/bin/../../lib/gcc/pic32c/6.2.1/../../../../pic32c/lib\libg_nano.a(lib_a-writer.o)
 .ARM.attributes
                0x00000986       0x2c c:/program files/microchip/xc32/v2.41/bin/bin/../../lib/gcc/pic32c/6.2.1/../../../../pic32c/lib\libg_nano.a(lib_a-wsetup.o)
 .ARM.attributes
                0x000009b2       0x2c c:/program files/microchip/xc32/v2.41/bin/bin/../../lib/gcc/pic32c/6.2.1/../../../../pic32c/lib\libg_nano.a(lib_a-closer.o)
 .ARM.attributes
                0x000009de       0x2c c:/program files/microchip/xc32/v2.41/bin/bin/../../lib/gcc/pic32c/6.2.1/../../../../pic32c/lib\libg_nano.a(lib_a-fflush.o)
 .ARM.attributes
                0x00000a0a       0x2c c:/program files/microchip/xc32/v2.41/bin/bin/../../lib/gcc/pic32c/6.2.1/../../../../pic32c/lib\libg_nano.a(lib_a-fputwc.o)
 .ARM.attributes
                0x00000a36       0x2c c:/program files/microchip/xc32/v2.41/bin/bin/../../lib/gcc/pic32c/6.2.1/../../../../pic32c/lib\libg_nano.a(lib_a-locale.o)
 .ARM.attributes
                0x00000a62       0x2c c:/program files/microchip/xc32/v2.41/bin/bin/../../lib/gcc/pic32c/6.2.1/../../../../pic32c/lib\libg_nano.a(lib_a-lseekr.o)
 .ARM.attributes
                0x00000a8e       0x2c c:/program files/microchip/xc32/v2.41/bin/bin/../../lib/gcc/pic32c/6.2.1/../../../../pic32c/lib\libg_nano.a(lib_a-makebuf.o)
 .ARM.attributes
                0x00000aba       0x2c c:/program files/microchip/xc32/v2.41/bin/bin/../../lib/gcc/pic32c/6.2.1/../../../../pic32c/lib\libg_nano.a(lib_a-mbtowc_r.o)
 .ARM.attributes
                0x00000ae6       0x2c c:/program files/microchip/xc32/v2.41/bin/bin/../../lib/gcc/pic32c/6.2.1/../../../../pic32c/lib\libg_nano.a(lib_a-memchr-stub.o)
 .ARM.attributes
                0x00000b12       0x2c c:/program files/microchip/xc32/v2.41/bin/bin/../../lib/gcc/pic32c/6.2.1/../../../../pic32c/lib\libg_nano.a(lib_a-mlock.o)
 .ARM.attributes
                0x00000b3e       0x2c c:/program files/microchip/xc32/v2.41/bin/bin/../../lib/gcc/pic32c/6.2.1/../../../../pic32c/lib\libg_nano.a(lib_a-nano-freer.o)
 .ARM.attributes
                0x00000b6a       0x2c c:/program files/microchip/xc32/v2.41/bin/bin/../../lib/gcc/pic32c/6.2.1/../../../../pic32c/lib\libg_nano.a(lib_a-nano-vfprintf_i.o)
 .ARM.attributes
                0x00000b96       0x2c c:/program files/microchip/xc32/v2.41/bin/bin/../../lib/gcc/pic32c/6.2.1/../../../../pic32c/lib\libg_nano.a(lib_a-readr.o)
 .ARM.attributes
                0x00000bc2       0x2c c:/program files/microchip/xc32/v2.41/bin/bin/../../lib/gcc/pic32c/6.2.1/../../../../pic32c/lib\libg_nano.a(lib_a-reent.o)
 .ARM.attributes
                0x00000bee       0x2c c:/program files/microchip/xc32/v2.41/bin/bin/../../lib/gcc/pic32c/6.2.1/../../../../pic32c/lib\libg_nano.a(lib_a-wcrtomb.o)
 .ARM.attributes
                0x00000c1a       0x2c c:/program files/microchip/xc32/v2.41/bin/bin/../../lib/gcc/pic32c/6.2.1/../../../../pic32c/lib\libg_nano.a(lib_a-wctomb_r.o)
 .ARM.attributes
                0x00000c46       0x2c c:/program files/microchip/xc32/v2.41/bin/bin/../../lib/gcc/pic32c/6.2.1/../../../../pic32c/lib\libg_nano.a(lib_a-ctype_.o)
 .ARM.attributes
                0x00000c72       0x2c c:/program files/microchip/xc32/v2.41/bin/bin/../../lib/gcc/pic32c/6.2.1/../../../../pic32c/lib\libg_nano.a(lib_a-fstatr.o)
 .ARM.attributes
                0x00000c9e       0x2c c:/program files/microchip/xc32/v2.41/bin/bin/../../lib/gcc/pic32c/6.2.1/../../../../pic32c/lib\libg_nano.a(lib_a-isattyr.o)
 .ARM.attributes
                0x00000cca       0x2c c:/program files/microchip/xc32/v2.41/bin/bin/../../lib/gcc/pic32c/6.2.1/../../../../pic32c/lib\libpic32c.a(_close.o)
 .ARM.attributes
                0x00000cf6       0x2c c:/program files/microchip/xc32/v2.41/bin/bin/../../lib/gcc/pic32c/6.2.1/../../../../pic32c/lib\libpic32c.a(_fstat.o)
 .ARM.attributes
                0x00000d22       0x2c c:/program files/microchip/xc32/v2.41/bin/bin/../../lib/gcc/pic32c/6.2.1/../../../../pic32c/lib\libpic32c.a(_isatty.o)
 .ARM.attributes
                0x00000d4e       0x2c c:/program files/microchip/xc32/v2.41/bin/bin/../../lib/gcc/pic32c/6.2.1/../../../../pic32c/lib\libpic32c.a(_lseek.o)
 .ARM.attributes
                0x00000d7a       0x2c c:/program files/microchip/xc32/v2.41/bin/bin/../../lib/gcc/pic32c/6.2.1/../../../../pic32c/lib\libpic32c.a(_read.o)
 .ARM.attributes
                0x00000da6       0x2c c:/program files/microchip/xc32/v2.41/bin/bin/../../lib/gcc/pic32c/6.2.1/../../../../pic32c/lib\libpic32c.a(sbrk.o)
 .ARM.attributes
                0x00000dd2       0x2c c:/program files/microchip/xc32/v2.41/bin/bin/../../lib/gcc/pic32c/6.2.1/../../../../pic32c/lib\libpic32c.a(_write.o)
 .ARM.attributes
                0x00000dfe       0x2c c:/program files/microchip/xc32/v2.41/bin/bin/../../lib/gcc/pic32c/6.2.1/../../../../pic32c/lib\libpic32c.a(close.o)
 .ARM.attributes
                0x00000e2a       0x2c c:/program files/microchip/xc32/v2.41/bin/bin/../../lib/gcc/pic32c/6.2.1/../../../../pic32c/lib\libpic32c.a(fstat.o)
 .ARM.attributes
                0x00000e56       0x2c c:/program files/microchip/xc32/v2.41/bin/bin/../../lib/gcc/pic32c/6.2.1/../../../../pic32c/lib\libpic32c.a(isatty.o)
 .ARM.attributes
                0x00000e82       0x2c c:/program files/microchip/xc32/v2.41/bin/bin/../../lib/gcc/pic32c/6.2.1/../../../../pic32c/lib\libpic32c.a(lseek.o)
 .ARM.attributes
                0x00000eae       0x2c c:/program files/microchip/xc32/v2.41/bin/bin/../../lib/gcc/pic32c/6.2.1/../../../../pic32c/lib\libpic32c.a(read.o)
 .ARM.attributes
                0x00000eda       0x2c c:/program files/microchip/xc32/v2.41/bin/bin/../../lib/gcc/pic32c/6.2.1/../../../../pic32c/lib\libpic32c.a(write.o)
 .ARM.attributes
                0x00000f06       0x1e c:/program files/microchip/xc32/v2.41/bin/bin/../../lib/gcc/pic32c/6.2.1/crtn.o

.comment        0x00000000       0x3c
 .comment       0x00000000       0x3c c:/program files/microchip/xc32/v2.41/bin/bin/../../lib/gcc/pic32c/6.2.1/crtbegin.o
                                 0x3d (size before relaxing)
 .comment       0x0000003c       0x3d build/sam_l22_xpro/debug/_ext/1847749054/LTC2944.o
 .comment       0x0000003c       0x3d build/sam_l22_xpro/debug/_ext/1847749054/comm.o
 .comment       0x0000003c       0x3d build/sam_l22_xpro/debug/_ext/1847749054/eeprom.o
 .comment       0x0000003c       0x3d build/sam_l22_xpro/debug/_ext/1847749054/global.o
 .comment       0x0000003c       0x3d build/sam_l22_xpro/debug/_ext/1847749054/gpio.o
 .comment       0x0000003c       0x3d build/sam_l22_xpro/debug/_ext/1847749054/lm75.o
 .comment       0x0000003c       0x3d build/sam_l22_xpro/debug/_ext/1847749054/mgc3130.o
 .comment       0x0000003c       0x3d build/sam_l22_xpro/debug/_ext/1847749054/time.o
 .comment       0x0000003c       0x3d build/sam_l22_xpro/debug/_ext/1847749054/tm_event.o
 .comment       0x0000003c       0x3d build/sam_l22_xpro/debug/_ext/1847749054/uart_M4.o
 .comment       0x0000003c       0x3d build/sam_l22_xpro/debug/_ext/1847749054/g_stk8ba53.o
 .comment       0x0000003c       0x3d build/sam_l22_xpro/debug/_ext/1847749054/PreShooting.o
 .comment       0x0000003c       0x3d build/sam_l22_xpro/debug/_ext/431015903/plib_adc.o
 .comment       0x0000003c       0x3d build/sam_l22_xpro/debug/_ext/1887322289/plib_clock.o
 .comment       0x0000003c       0x3d build/sam_l22_xpro/debug/_ext/431011904/plib_eic.o
 .comment       0x0000003c       0x3d build/sam_l22_xpro/debug/_ext/1885172803/plib_evsys.o
 .comment       0x0000003c       0x3d build/sam_l22_xpro/debug/_ext/476186239/plib_nvic.o
 .comment       0x0000003c       0x3d build/sam_l22_xpro/debug/_ext/216541841/plib_nvmctrl.o
 .comment       0x0000003c       0x3d build/sam_l22_xpro/debug/_ext/13903268/plib_pm.o
 .comment       0x0000003c       0x3d build/sam_l22_xpro/debug/_ext/62028211/sercom0_uart.o
 .comment       0x0000003c       0x3d build/sam_l22_xpro/debug/_ext/33399060/sercom1_uart.o
 .comment       0x0000003c       0x3d build/sam_l22_xpro/debug/_ext/4769909/sercom2_uart.o
 .comment       0x0000003c       0x3d build/sam_l22_xpro/debug/_ext/23859242/sercom3_uart.o
 .comment       0x0000003c       0x3d build/sam_l22_xpro/debug/_ext/52488393/sercom4_uart.o
 .comment       0x0000003c       0x3d build/sam_l22_xpro/debug/_ext/80714413/sercom5_i2cm.o
 .comment       0x0000003c       0x3d build/sam_l22_xpro/debug/_ext/451016939/plib_systick.o
 .comment       0x0000003c       0x3d build/sam_l22_xpro/debug/_ext/1876745589/xc32_monitor.o
 .comment       0x0000003c       0x3d build/sam_l22_xpro/debug/_ext/958067195/initialization.o
 .comment       0x0000003c       0x3d build/sam_l22_xpro/debug/_ext/958067195/interrupts.o
 .comment       0x0000003c       0x3d build/sam_l22_xpro/debug/_ext/958067195/exceptions.o
 .comment       0x0000003c       0x3d build/sam_l22_xpro/debug/_ext/958067195/startup_xc32.o
 .comment       0x0000003c       0x3d build/sam_l22_xpro/debug/_ext/1360937237/main.o
 .comment       0x0000003c       0x3d c:/program files/microchip/xc32/v2.41/bin/bin/../../lib/gcc/pic32c/6.2.1/../../../../pic32c/lib\libpic32c.a(data_init.o)
 .comment       0x0000003c       0x3d c:/program files/microchip/xc32/v2.41/bin/bin/../../lib/gcc/pic32c/6.2.1/../../../../pic32c/lib\libg_nano.a(lib_a-init.o)
 .comment       0x0000003c       0x3d c:/program files/microchip/xc32/v2.41/bin/bin/../../lib/gcc/pic32c/6.2.1/../../../../pic32c/lib\libg_nano.a(lib_a-memcpy-stub.o)
 .comment       0x0000003c       0x3d c:/program files/microchip/xc32/v2.41/bin/bin/../../lib/gcc/pic32c/6.2.1/../../../../pic32c/lib\libg_nano.a(lib_a-memset.o)
 .comment       0x0000003c       0x3d c:/program files/microchip/xc32/v2.41/bin/bin/../../lib/gcc/pic32c/6.2.1/../../../../pic32c/lib\libg_nano.a(lib_a-printf.o)
 .comment       0x0000003c       0x3d c:/program files/microchip/xc32/v2.41/bin/bin/../../lib/gcc/pic32c/6.2.1/../../../../pic32c/lib\libg_nano.a(lib_a-findfp.o)
 .comment       0x0000003c       0x3d c:/program files/microchip/xc32/v2.41/bin/bin/../../lib/gcc/pic32c/6.2.1/../../../../pic32c/lib\libg_nano.a(lib_a-fwalk.o)
 .comment       0x0000003c       0x3d c:/program files/microchip/xc32/v2.41/bin/bin/../../lib/gcc/pic32c/6.2.1/../../../../pic32c/lib\libg_nano.a(lib_a-impure.o)
 .comment       0x0000003c       0x3d c:/program files/microchip/xc32/v2.41/bin/bin/../../lib/gcc/pic32c/6.2.1/../../../../pic32c/lib\libg_nano.a(lib_a-nano-mallocr.o)
 .comment       0x0000003c       0x3d c:/program files/microchip/xc32/v2.41/bin/bin/../../lib/gcc/pic32c/6.2.1/../../../../pic32c/lib\libg_nano.a(lib_a-nano-vfprintf.o)
 .comment       0x0000003c       0x3d c:/program files/microchip/xc32/v2.41/bin/bin/../../lib/gcc/pic32c/6.2.1/../../../../pic32c/lib\libg_nano.a(_lib_a-nano-vfprintf.s.o)
 .comment       0x0000003c       0x3d c:/program files/microchip/xc32/v2.41/bin/bin/../../lib/gcc/pic32c/6.2.1/../../../../pic32c/lib\libg_nano.a(lib_a-sbrkr.o)
 .comment       0x0000003c       0x3d c:/program files/microchip/xc32/v2.41/bin/bin/../../lib/gcc/pic32c/6.2.1/../../../../pic32c/lib\libg_nano.a(lib_a-__ssfputs.o)
 .comment       0x0000003c       0x3d c:/program files/microchip/xc32/v2.41/bin/bin/../../lib/gcc/pic32c/6.2.1/../../../../pic32c/lib\libg_nano.a(lib_a-stdio.o)
 .comment       0x0000003c       0x3d c:/program files/microchip/xc32/v2.41/bin/bin/../../lib/gcc/pic32c/6.2.1/../../../../pic32c/lib\libg_nano.a(lib_a-wbuf.o)
 .comment       0x0000003c       0x3d c:/program files/microchip/xc32/v2.41/bin/bin/../../lib/gcc/pic32c/6.2.1/../../../../pic32c/lib\libg_nano.a(lib_a-writer.o)
 .comment       0x0000003c       0x3d c:/program files/microchip/xc32/v2.41/bin/bin/../../lib/gcc/pic32c/6.2.1/../../../../pic32c/lib\libg_nano.a(lib_a-wsetup.o)
 .comment       0x0000003c       0x3d c:/program files/microchip/xc32/v2.41/bin/bin/../../lib/gcc/pic32c/6.2.1/../../../../pic32c/lib\libg_nano.a(lib_a-closer.o)
 .comment       0x0000003c       0x3d c:/program files/microchip/xc32/v2.41/bin/bin/../../lib/gcc/pic32c/6.2.1/../../../../pic32c/lib\libg_nano.a(lib_a-fflush.o)
 .comment       0x0000003c       0x3d c:/program files/microchip/xc32/v2.41/bin/bin/../../lib/gcc/pic32c/6.2.1/../../../../pic32c/lib\libg_nano.a(lib_a-fputwc.o)
 .comment       0x0000003c       0x3d c:/program files/microchip/xc32/v2.41/bin/bin/../../lib/gcc/pic32c/6.2.1/../../../../pic32c/lib\libg_nano.a(lib_a-locale.o)
 .comment       0x0000003c       0x3d c:/program files/microchip/xc32/v2.41/bin/bin/../../lib/gcc/pic32c/6.2.1/../../../../pic32c/lib\libg_nano.a(lib_a-lseekr.o)
 .comment       0x0000003c       0x3d c:/program files/microchip/xc32/v2.41/bin/bin/../../lib/gcc/pic32c/6.2.1/../../../../pic32c/lib\libg_nano.a(lib_a-makebuf.o)
 .comment       0x0000003c       0x3d c:/program files/microchip/xc32/v2.41/bin/bin/../../lib/gcc/pic32c/6.2.1/../../../../pic32c/lib\libg_nano.a(lib_a-mbtowc_r.o)
 .comment       0x0000003c       0x3d c:/program files/microchip/xc32/v2.41/bin/bin/../../lib/gcc/pic32c/6.2.1/../../../../pic32c/lib\libg_nano.a(lib_a-memchr-stub.o)
 .comment       0x0000003c       0x3d c:/program files/microchip/xc32/v2.41/bin/bin/../../lib/gcc/pic32c/6.2.1/../../../../pic32c/lib\libg_nano.a(lib_a-mlock.o)
 .comment       0x0000003c       0x3d c:/program files/microchip/xc32/v2.41/bin/bin/../../lib/gcc/pic32c/6.2.1/../../../../pic32c/lib\libg_nano.a(lib_a-nano-freer.o)
 .comment       0x0000003c       0x3d c:/program files/microchip/xc32/v2.41/bin/bin/../../lib/gcc/pic32c/6.2.1/../../../../pic32c/lib\libg_nano.a(lib_a-nano-vfprintf_i.o)
 .comment       0x0000003c       0x3d c:/program files/microchip/xc32/v2.41/bin/bin/../../lib/gcc/pic32c/6.2.1/../../../../pic32c/lib\libg_nano.a(lib_a-readr.o)
 .comment       0x0000003c       0x3d c:/program files/microchip/xc32/v2.41/bin/bin/../../lib/gcc/pic32c/6.2.1/../../../../pic32c/lib\libg_nano.a(lib_a-reent.o)
 .comment       0x0000003c       0x3d c:/program files/microchip/xc32/v2.41/bin/bin/../../lib/gcc/pic32c/6.2.1/../../../../pic32c/lib\libg_nano.a(lib_a-wcrtomb.o)
 .comment       0x0000003c       0x3d c:/program files/microchip/xc32/v2.41/bin/bin/../../lib/gcc/pic32c/6.2.1/../../../../pic32c/lib\libg_nano.a(lib_a-wctomb_r.o)
 .comment       0x0000003c       0x3d c:/program files/microchip/xc32/v2.41/bin/bin/../../lib/gcc/pic32c/6.2.1/../../../../pic32c/lib\libg_nano.a(lib_a-ctype_.o)
 .comment       0x0000003c       0x3d c:/program files/microchip/xc32/v2.41/bin/bin/../../lib/gcc/pic32c/6.2.1/../../../../pic32c/lib\libg_nano.a(lib_a-fstatr.o)
 .comment       0x0000003c       0x3d c:/program files/microchip/xc32/v2.41/bin/bin/../../lib/gcc/pic32c/6.2.1/../../../../pic32c/lib\libg_nano.a(lib_a-isattyr.o)
 .comment       0x0000003c       0x3d c:/program files/microchip/xc32/v2.41/bin/bin/../../lib/gcc/pic32c/6.2.1/../../../../pic32c/lib\libpic32c.a(_close.o)
 .comment       0x0000003c       0x3d c:/program files/microchip/xc32/v2.41/bin/bin/../../lib/gcc/pic32c/6.2.1/../../../../pic32c/lib\libpic32c.a(_fstat.o)
 .comment       0x0000003c       0x3d c:/program files/microchip/xc32/v2.41/bin/bin/../../lib/gcc/pic32c/6.2.1/../../../../pic32c/lib\libpic32c.a(_isatty.o)
 .comment       0x0000003c       0x3d c:/program files/microchip/xc32/v2.41/bin/bin/../../lib/gcc/pic32c/6.2.1/../../../../pic32c/lib\libpic32c.a(_lseek.o)
 .comment       0x0000003c       0x3d c:/program files/microchip/xc32/v2.41/bin/bin/../../lib/gcc/pic32c/6.2.1/../../../../pic32c/lib\libpic32c.a(_read.o)
 .comment       0x0000003c       0x3d c:/program files/microchip/xc32/v2.41/bin/bin/../../lib/gcc/pic32c/6.2.1/../../../../pic32c/lib\libpic32c.a(sbrk.o)
 .comment       0x0000003c       0x3d c:/program files/microchip/xc32/v2.41/bin/bin/../../lib/gcc/pic32c/6.2.1/../../../../pic32c/lib\libpic32c.a(_write.o)
 .comment       0x0000003c       0x3d c:/program files/microchip/xc32/v2.41/bin/bin/../../lib/gcc/pic32c/6.2.1/../../../../pic32c/lib\libpic32c.a(close.o)
 .comment       0x0000003c       0x3d c:/program files/microchip/xc32/v2.41/bin/bin/../../lib/gcc/pic32c/6.2.1/../../../../pic32c/lib\libpic32c.a(fstat.o)
 .comment       0x0000003c       0x3d c:/program files/microchip/xc32/v2.41/bin/bin/../../lib/gcc/pic32c/6.2.1/../../../../pic32c/lib\libpic32c.a(isatty.o)
 .comment       0x0000003c       0x3d c:/program files/microchip/xc32/v2.41/bin/bin/../../lib/gcc/pic32c/6.2.1/../../../../pic32c/lib\libpic32c.a(lseek.o)
 .comment       0x0000003c       0x3d c:/program files/microchip/xc32/v2.41/bin/bin/../../lib/gcc/pic32c/6.2.1/../../../../pic32c/lib\libpic32c.a(read.o)
 .comment       0x0000003c       0x3d c:/program files/microchip/xc32/v2.41/bin/bin/../../lib/gcc/pic32c/6.2.1/../../../../pic32c/lib\libpic32c.a(write.o)

.debug_info     0x00000000    0x838dd
 .debug_info    0x00000000     0x2eea build/sam_l22_xpro/debug/_ext/1847749054/LTC2944.o
 .debug_info    0x00002eea     0x2fcc build/sam_l22_xpro/debug/_ext/1847749054/comm.o
 .debug_info    0x00005eb6     0x2e0a build/sam_l22_xpro/debug/_ext/1847749054/eeprom.o
 .debug_info    0x00008cc0     0x2b08 build/sam_l22_xpro/debug/_ext/1847749054/global.o
 .debug_info    0x0000b7c8     0x3965 build/sam_l22_xpro/debug/_ext/1847749054/gpio.o
 .debug_info    0x0000f12d     0x2c97 build/sam_l22_xpro/debug/_ext/1847749054/lm75.o
 .debug_info    0x00011dc4     0x2ef1 build/sam_l22_xpro/debug/_ext/1847749054/mgc3130.o
 .debug_info    0x00014cb5     0x32b5 build/sam_l22_xpro/debug/_ext/1847749054/time.o
 .debug_info    0x00017f6a     0x2de8 build/sam_l22_xpro/debug/_ext/1847749054/tm_event.o
 .debug_info    0x0001ad52     0x3c77 build/sam_l22_xpro/debug/_ext/1847749054/uart_M4.o
 .debug_info    0x0001e9c9     0x36a2 build/sam_l22_xpro/debug/_ext/1847749054/g_stk8ba53.o
 .debug_info    0x0002206b     0x3197 build/sam_l22_xpro/debug/_ext/1847749054/PreShooting.o
 .debug_info    0x00025202     0x3775 build/sam_l22_xpro/debug/_ext/431015903/plib_adc.o
 .debug_info    0x00028977     0x32e2 build/sam_l22_xpro/debug/_ext/1887322289/plib_clock.o
 .debug_info    0x0002bc59     0x2eff build/sam_l22_xpro/debug/_ext/431011904/plib_eic.o
 .debug_info    0x0002eb58      0x2c3 build/sam_l22_xpro/debug/_ext/1885172803/plib_evsys.o
 .debug_info    0x0002ee1b     0x31c3 build/sam_l22_xpro/debug/_ext/476186239/plib_nvic.o
 .debug_info    0x00031fde     0x13eb build/sam_l22_xpro/debug/_ext/216541841/plib_nvmctrl.o
 .debug_info    0x000333c9      0x57b build/sam_l22_xpro/debug/_ext/13903268/plib_pm.o
 .debug_info    0x00033944     0x3edb build/sam_l22_xpro/debug/_ext/62028211/sercom0_uart.o
 .debug_info    0x0003781f     0x3919 build/sam_l22_xpro/debug/_ext/33399060/sercom1_uart.o
 .debug_info    0x0003b138     0x3cd7 build/sam_l22_xpro/debug/_ext/4769909/sercom2_uart.o
 .debug_info    0x0003ee0f     0x3c1e build/sam_l22_xpro/debug/_ext/23859242/sercom3_uart.o
 .debug_info    0x00042a2d     0x3b61 build/sam_l22_xpro/debug/_ext/52488393/sercom4_uart.o
 .debug_info    0x0004658e     0x3180 build/sam_l22_xpro/debug/_ext/80714413/sercom5_i2cm.o
 .debug_info    0x0004970e     0x2d7f build/sam_l22_xpro/debug/_ext/451016939/plib_systick.o
 .debug_info    0x0004c48d      0x241 build/sam_l22_xpro/debug/_ext/1876745589/xc32_monitor.o
 .debug_info    0x0004c6ce     0x2e90 build/sam_l22_xpro/debug/_ext/958067195/initialization.o
 .debug_info    0x0004f55e     0x2fbf build/sam_l22_xpro/debug/_ext/958067195/interrupts.o
 .debug_info    0x0005251d     0x2b1e build/sam_l22_xpro/debug/_ext/958067195/exceptions.o
 .debug_info    0x0005503b     0x2c86 build/sam_l22_xpro/debug/_ext/958067195/startup_xc32.o
 .debug_info    0x00057cc1     0x318a build/sam_l22_xpro/debug/_ext/1360937237/main.o
 .debug_info    0x0005ae4b      0x1f0 c:/program files/microchip/xc32/v2.41/bin/bin/../../lib/gcc/pic32c/6.2.1/../../../../pic32c/lib\libpic32c.a(data_init.o)
 .debug_info    0x0005b03b       0xee c:/program files/microchip/xc32/v2.41/bin/bin/../../lib/gcc/pic32c/6.2.1\libgcc.a(_udivsi3.o)
 .debug_info    0x0005b129       0xee c:/program files/microchip/xc32/v2.41/bin/bin/../../lib/gcc/pic32c/6.2.1\libgcc.a(_dvmd_tls.o)
 .debug_info    0x0005b217      0x359 c:/program files/microchip/xc32/v2.41/bin/bin/../../lib/gcc/pic32c/6.2.1/../../../../pic32c/lib\libg_nano.a(lib_a-init.o)
 .debug_info    0x0005b570      0xdb3 c:/program files/microchip/xc32/v2.41/bin/bin/../../lib/gcc/pic32c/6.2.1/../../../../pic32c/lib\libg_nano.a(lib_a-memcpy-stub.o)
 .debug_info    0x0005c323     0x14e8 c:/program files/microchip/xc32/v2.41/bin/bin/../../lib/gcc/pic32c/6.2.1/../../../../pic32c/lib\libg_nano.a(lib_a-memset.o)
 .debug_info    0x0005d80b     0x1186 c:/program files/microchip/xc32/v2.41/bin/bin/../../lib/gcc/pic32c/6.2.1/../../../../pic32c/lib\libg_nano.a(lib_a-printf.o)
 .debug_info    0x0005e991     0x1470 c:/program files/microchip/xc32/v2.41/bin/bin/../../lib/gcc/pic32c/6.2.1/../../../../pic32c/lib\libg_nano.a(lib_a-findfp.o)
 .debug_info    0x0005fe01     0x11a9 c:/program files/microchip/xc32/v2.41/bin/bin/../../lib/gcc/pic32c/6.2.1/../../../../pic32c/lib\libg_nano.a(lib_a-fwalk.o)
 .debug_info    0x00060faa      0xd3c c:/program files/microchip/xc32/v2.41/bin/bin/../../lib/gcc/pic32c/6.2.1/../../../../pic32c/lib\libg_nano.a(lib_a-impure.o)
 .debug_info    0x00061ce6     0x119a c:/program files/microchip/xc32/v2.41/bin/bin/../../lib/gcc/pic32c/6.2.1/../../../../pic32c/lib\libg_nano.a(lib_a-nano-mallocr.o)
 .debug_info    0x00062e80     0x1c9b c:/program files/microchip/xc32/v2.41/bin/bin/../../lib/gcc/pic32c/6.2.1/../../../../pic32c/lib\libg_nano.a(lib_a-nano-vfprintf.o)
 .debug_info    0x00064b1b     0x1e38 c:/program files/microchip/xc32/v2.41/bin/bin/../../lib/gcc/pic32c/6.2.1/../../../../pic32c/lib\libg_nano.a(_lib_a-nano-vfprintf.s.o)
 .debug_info    0x00066953      0xe2c c:/program files/microchip/xc32/v2.41/bin/bin/../../lib/gcc/pic32c/6.2.1/../../../../pic32c/lib\libg_nano.a(lib_a-sbrkr.o)
 .debug_info    0x0006777f     0x188d c:/program files/microchip/xc32/v2.41/bin/bin/../../lib/gcc/pic32c/6.2.1/../../../../pic32c/lib\libg_nano.a(lib_a-__ssfputs.o)
 .debug_info    0x0006900c     0x135a c:/program files/microchip/xc32/v2.41/bin/bin/../../lib/gcc/pic32c/6.2.1/../../../../pic32c/lib\libg_nano.a(lib_a-stdio.o)
 .debug_info    0x0006a366     0x11b3 c:/program files/microchip/xc32/v2.41/bin/bin/../../lib/gcc/pic32c/6.2.1/../../../../pic32c/lib\libg_nano.a(lib_a-wbuf.o)
 .debug_info    0x0006b519      0xe4b c:/program files/microchip/xc32/v2.41/bin/bin/../../lib/gcc/pic32c/6.2.1/../../../../pic32c/lib\libg_nano.a(lib_a-writer.o)
 .debug_info    0x0006c364     0x112e c:/program files/microchip/xc32/v2.41/bin/bin/../../lib/gcc/pic32c/6.2.1/../../../../pic32c/lib\libg_nano.a(lib_a-wsetup.o)
 .debug_info    0x0006d492      0xdfa c:/program files/microchip/xc32/v2.41/bin/bin/../../lib/gcc/pic32c/6.2.1/../../../../pic32c/lib\libg_nano.a(lib_a-closer.o)
 .debug_info    0x0006e28c     0x1298 c:/program files/microchip/xc32/v2.41/bin/bin/../../lib/gcc/pic32c/6.2.1/../../../../pic32c/lib\libg_nano.a(lib_a-fflush.o)
 .debug_info    0x0006f524     0x12ea c:/program files/microchip/xc32/v2.41/bin/bin/../../lib/gcc/pic32c/6.2.1/../../../../pic32c/lib\libg_nano.a(lib_a-fputwc.o)
 .debug_info    0x0007080e     0x17cf c:/program files/microchip/xc32/v2.41/bin/bin/../../lib/gcc/pic32c/6.2.1/../../../../pic32c/lib\libg_nano.a(lib_a-locale.o)
 .debug_info    0x00071fdd      0xe32 c:/program files/microchip/xc32/v2.41/bin/bin/../../lib/gcc/pic32c/6.2.1/../../../../pic32c/lib\libg_nano.a(lib_a-lseekr.o)
 .debug_info    0x00072e0f     0x14e5 c:/program files/microchip/xc32/v2.41/bin/bin/../../lib/gcc/pic32c/6.2.1/../../../../pic32c/lib\libg_nano.a(lib_a-makebuf.o)
 .debug_info    0x000742f4     0x16a8 c:/program files/microchip/xc32/v2.41/bin/bin/../../lib/gcc/pic32c/6.2.1/../../../../pic32c/lib\libg_nano.a(lib_a-mbtowc_r.o)
 .debug_info    0x0007599c      0xdb2 c:/program files/microchip/xc32/v2.41/bin/bin/../../lib/gcc/pic32c/6.2.1/../../../../pic32c/lib\libg_nano.a(lib_a-memchr-stub.o)
 .debug_info    0x0007674e      0xd79 c:/program files/microchip/xc32/v2.41/bin/bin/../../lib/gcc/pic32c/6.2.1/../../../../pic32c/lib\libg_nano.a(lib_a-mlock.o)
 .debug_info    0x000774c7     0x10ed c:/program files/microchip/xc32/v2.41/bin/bin/../../lib/gcc/pic32c/6.2.1/../../../../pic32c/lib\libg_nano.a(lib_a-nano-freer.o)
 .debug_info    0x000785b4     0x1d15 c:/program files/microchip/xc32/v2.41/bin/bin/../../lib/gcc/pic32c/6.2.1/../../../../pic32c/lib\libg_nano.a(lib_a-nano-vfprintf_i.o)
 .debug_info    0x0007a2c9      0xe49 c:/program files/microchip/xc32/v2.41/bin/bin/../../lib/gcc/pic32c/6.2.1/../../../../pic32c/lib\libg_nano.a(lib_a-readr.o)
 .debug_info    0x0007b112      0xf2f c:/program files/microchip/xc32/v2.41/bin/bin/../../lib/gcc/pic32c/6.2.1/../../../../pic32c/lib\libg_nano.a(lib_a-reent.o)
 .debug_info    0x0007c041     0x16a4 c:/program files/microchip/xc32/v2.41/bin/bin/../../lib/gcc/pic32c/6.2.1/../../../../pic32c/lib\libg_nano.a(lib_a-wcrtomb.o)
 .debug_info    0x0007d6e5     0x166c c:/program files/microchip/xc32/v2.41/bin/bin/../../lib/gcc/pic32c/6.2.1/../../../../pic32c/lib\libg_nano.a(lib_a-wctomb_r.o)
 .debug_info    0x0007ed51     0x14b9 c:/program files/microchip/xc32/v2.41/bin/bin/../../lib/gcc/pic32c/6.2.1/../../../../pic32c/lib\libg_nano.a(lib_a-ctype_.o)
 .debug_info    0x0008020a     0x10f5 c:/program files/microchip/xc32/v2.41/bin/bin/../../lib/gcc/pic32c/6.2.1/../../../../pic32c/lib\libg_nano.a(lib_a-fstatr.o)
 .debug_info    0x000812ff      0xe07 c:/program files/microchip/xc32/v2.41/bin/bin/../../lib/gcc/pic32c/6.2.1/../../../../pic32c/lib\libg_nano.a(lib_a-isattyr.o)
 .debug_info    0x00082106      0x1d7 c:/program files/microchip/xc32/v2.41/bin/bin/../../lib/gcc/pic32c/6.2.1/../../../../pic32c/lib\libpic32c.a(_close.o)
 .debug_info    0x000822dd      0x1d7 c:/program files/microchip/xc32/v2.41/bin/bin/../../lib/gcc/pic32c/6.2.1/../../../../pic32c/lib\libpic32c.a(_fstat.o)
 .debug_info    0x000824b4      0x1d9 c:/program files/microchip/xc32/v2.41/bin/bin/../../lib/gcc/pic32c/6.2.1/../../../../pic32c/lib\libpic32c.a(_isatty.o)
 .debug_info    0x0008268d      0x1d7 c:/program files/microchip/xc32/v2.41/bin/bin/../../lib/gcc/pic32c/6.2.1/../../../../pic32c/lib\libpic32c.a(_lseek.o)
 .debug_info    0x00082864      0x1d5 c:/program files/microchip/xc32/v2.41/bin/bin/../../lib/gcc/pic32c/6.2.1/../../../../pic32c/lib\libpic32c.a(_read.o)
 .debug_info    0x00082a39      0x1d3 c:/program files/microchip/xc32/v2.41/bin/bin/../../lib/gcc/pic32c/6.2.1/../../../../pic32c/lib\libpic32c.a(sbrk.o)
 .debug_info    0x00082c0c      0x1d7 c:/program files/microchip/xc32/v2.41/bin/bin/../../lib/gcc/pic32c/6.2.1/../../../../pic32c/lib\libpic32c.a(_write.o)
 .debug_info    0x00082de3      0x1d4 c:/program files/microchip/xc32/v2.41/bin/bin/../../lib/gcc/pic32c/6.2.1/../../../../pic32c/lib\libpic32c.a(close.o)
 .debug_info    0x00082fb7      0x1d4 c:/program files/microchip/xc32/v2.41/bin/bin/../../lib/gcc/pic32c/6.2.1/../../../../pic32c/lib\libpic32c.a(fstat.o)
 .debug_info    0x0008318b      0x1d6 c:/program files/microchip/xc32/v2.41/bin/bin/../../lib/gcc/pic32c/6.2.1/../../../../pic32c/lib\libpic32c.a(isatty.o)
 .debug_info    0x00083361      0x1d4 c:/program files/microchip/xc32/v2.41/bin/bin/../../lib/gcc/pic32c/6.2.1/../../../../pic32c/lib\libpic32c.a(lseek.o)
 .debug_info    0x00083535      0x1d3 c:/program files/microchip/xc32/v2.41/bin/bin/../../lib/gcc/pic32c/6.2.1/../../../../pic32c/lib\libpic32c.a(read.o)
 .debug_info    0x00083708      0x1d5 c:/program files/microchip/xc32/v2.41/bin/bin/../../lib/gcc/pic32c/6.2.1/../../../../pic32c/lib\libpic32c.a(write.o)

.debug_abbrev   0x00000000     0x904f
 .debug_abbrev  0x00000000      0x2af build/sam_l22_xpro/debug/_ext/1847749054/LTC2944.o
 .debug_abbrev  0x000002af      0x2a9 build/sam_l22_xpro/debug/_ext/1847749054/comm.o
 .debug_abbrev  0x00000558      0x27c build/sam_l22_xpro/debug/_ext/1847749054/eeprom.o
 .debug_abbrev  0x000007d4      0x1dc build/sam_l22_xpro/debug/_ext/1847749054/global.o
 .debug_abbrev  0x000009b0      0x28e build/sam_l22_xpro/debug/_ext/1847749054/gpio.o
 .debug_abbrev  0x00000c3e      0x270 build/sam_l22_xpro/debug/_ext/1847749054/lm75.o
 .debug_abbrev  0x00000eae      0x282 build/sam_l22_xpro/debug/_ext/1847749054/mgc3130.o
 .debug_abbrev  0x00001130      0x2a1 build/sam_l22_xpro/debug/_ext/1847749054/time.o
 .debug_abbrev  0x000013d1      0x2ba build/sam_l22_xpro/debug/_ext/1847749054/tm_event.o
 .debug_abbrev  0x0000168b      0x34d build/sam_l22_xpro/debug/_ext/1847749054/uart_M4.o
 .debug_abbrev  0x000019d8      0x332 build/sam_l22_xpro/debug/_ext/1847749054/g_stk8ba53.o
 .debug_abbrev  0x00001d0a      0x2a6 build/sam_l22_xpro/debug/_ext/1847749054/PreShooting.o
 .debug_abbrev  0x00001fb0      0x359 build/sam_l22_xpro/debug/_ext/431015903/plib_adc.o
 .debug_abbrev  0x00002309      0x23b build/sam_l22_xpro/debug/_ext/1887322289/plib_clock.o
 .debug_abbrev  0x00002544      0x2cc build/sam_l22_xpro/debug/_ext/431011904/plib_eic.o
 .debug_abbrev  0x00002810       0x39 build/sam_l22_xpro/debug/_ext/1885172803/plib_evsys.o
 .debug_abbrev  0x00002849      0x294 build/sam_l22_xpro/debug/_ext/476186239/plib_nvic.o
 .debug_abbrev  0x00002add      0x279 build/sam_l22_xpro/debug/_ext/216541841/plib_nvmctrl.o
 .debug_abbrev  0x00002d56       0xd4 build/sam_l22_xpro/debug/_ext/13903268/plib_pm.o
 .debug_abbrev  0x00002e2a      0x302 build/sam_l22_xpro/debug/_ext/62028211/sercom0_uart.o
 .debug_abbrev  0x0000312c      0x2c8 build/sam_l22_xpro/debug/_ext/33399060/sercom1_uart.o
 .debug_abbrev  0x000033f4      0x32e build/sam_l22_xpro/debug/_ext/4769909/sercom2_uart.o
 .debug_abbrev  0x00003722      0x31d build/sam_l22_xpro/debug/_ext/23859242/sercom3_uart.o
 .debug_abbrev  0x00003a3f      0x312 build/sam_l22_xpro/debug/_ext/52488393/sercom4_uart.o
 .debug_abbrev  0x00003d51      0x2f5 build/sam_l22_xpro/debug/_ext/80714413/sercom5_i2cm.o
 .debug_abbrev  0x00004046      0x29c build/sam_l22_xpro/debug/_ext/451016939/plib_systick.o
 .debug_abbrev  0x000042e2       0x75 build/sam_l22_xpro/debug/_ext/1876745589/xc32_monitor.o
 .debug_abbrev  0x00004357      0x266 build/sam_l22_xpro/debug/_ext/958067195/initialization.o
 .debug_abbrev  0x000045bd      0x20c build/sam_l22_xpro/debug/_ext/958067195/interrupts.o
 .debug_abbrev  0x000047c9      0x1ed build/sam_l22_xpro/debug/_ext/958067195/exceptions.o
 .debug_abbrev  0x000049b6      0x22b build/sam_l22_xpro/debug/_ext/958067195/startup_xc32.o
 .debug_abbrev  0x00004be1      0x273 build/sam_l22_xpro/debug/_ext/1360937237/main.o
 .debug_abbrev  0x00004e54       0x2a c:/program files/microchip/xc32/v2.41/bin/bin/../../lib/gcc/pic32c/6.2.1/../../../../pic32c/lib\libpic32c.a(data_init.o)
 .debug_abbrev  0x00004e7e       0x14 c:/program files/microchip/xc32/v2.41/bin/bin/../../lib/gcc/pic32c/6.2.1\libgcc.a(_udivsi3.o)
 .debug_abbrev  0x00004e92       0x14 c:/program files/microchip/xc32/v2.41/bin/bin/../../lib/gcc/pic32c/6.2.1\libgcc.a(_dvmd_tls.o)
 .debug_abbrev  0x00004ea6       0xa3 c:/program files/microchip/xc32/v2.41/bin/bin/../../lib/gcc/pic32c/6.2.1/../../../../pic32c/lib\libg_nano.a(lib_a-init.o)
 .debug_abbrev  0x00004f49      0x17c c:/program files/microchip/xc32/v2.41/bin/bin/../../lib/gcc/pic32c/6.2.1/../../../../pic32c/lib\libg_nano.a(lib_a-memcpy-stub.o)
 .debug_abbrev  0x000050c5      0x170 c:/program files/microchip/xc32/v2.41/bin/bin/../../lib/gcc/pic32c/6.2.1/../../../../pic32c/lib\libg_nano.a(lib_a-memset.o)
 .debug_abbrev  0x00005235      0x218 c:/program files/microchip/xc32/v2.41/bin/bin/../../lib/gcc/pic32c/6.2.1/../../../../pic32c/lib\libg_nano.a(lib_a-printf.o)
 .debug_abbrev  0x0000544d      0x295 c:/program files/microchip/xc32/v2.41/bin/bin/../../lib/gcc/pic32c/6.2.1/../../../../pic32c/lib\libg_nano.a(lib_a-findfp.o)
 .debug_abbrev  0x000056e2      0x1b0 c:/program files/microchip/xc32/v2.41/bin/bin/../../lib/gcc/pic32c/6.2.1/../../../../pic32c/lib\libg_nano.a(lib_a-fwalk.o)
 .debug_abbrev  0x00005892      0x131 c:/program files/microchip/xc32/v2.41/bin/bin/../../lib/gcc/pic32c/6.2.1/../../../../pic32c/lib\libg_nano.a(lib_a-impure.o)
 .debug_abbrev  0x000059c3      0x286 c:/program files/microchip/xc32/v2.41/bin/bin/../../lib/gcc/pic32c/6.2.1/../../../../pic32c/lib\libg_nano.a(lib_a-nano-mallocr.o)
 .debug_abbrev  0x00005c49      0x24c c:/program files/microchip/xc32/v2.41/bin/bin/../../lib/gcc/pic32c/6.2.1/../../../../pic32c/lib\libg_nano.a(lib_a-nano-vfprintf.o)
 .debug_abbrev  0x00005e95      0x2fe c:/program files/microchip/xc32/v2.41/bin/bin/../../lib/gcc/pic32c/6.2.1/../../../../pic32c/lib\libg_nano.a(_lib_a-nano-vfprintf.s.o)
 .debug_abbrev  0x00006193      0x1a8 c:/program files/microchip/xc32/v2.41/bin/bin/../../lib/gcc/pic32c/6.2.1/../../../../pic32c/lib\libg_nano.a(lib_a-sbrkr.o)
 .debug_abbrev  0x0000633b      0x1f6 c:/program files/microchip/xc32/v2.41/bin/bin/../../lib/gcc/pic32c/6.2.1/../../../../pic32c/lib\libg_nano.a(lib_a-__ssfputs.o)
 .debug_abbrev  0x00006531      0x224 c:/program files/microchip/xc32/v2.41/bin/bin/../../lib/gcc/pic32c/6.2.1/../../../../pic32c/lib\libg_nano.a(lib_a-stdio.o)
 .debug_abbrev  0x00006755      0x208 c:/program files/microchip/xc32/v2.41/bin/bin/../../lib/gcc/pic32c/6.2.1/../../../../pic32c/lib\libg_nano.a(lib_a-wbuf.o)
 .debug_abbrev  0x0000695d      0x198 c:/program files/microchip/xc32/v2.41/bin/bin/../../lib/gcc/pic32c/6.2.1/../../../../pic32c/lib\libg_nano.a(lib_a-writer.o)
 .debug_abbrev  0x00006af5      0x1ec c:/program files/microchip/xc32/v2.41/bin/bin/../../lib/gcc/pic32c/6.2.1/../../../../pic32c/lib\libg_nano.a(lib_a-wsetup.o)
 .debug_abbrev  0x00006ce1      0x193 c:/program files/microchip/xc32/v2.41/bin/bin/../../lib/gcc/pic32c/6.2.1/../../../../pic32c/lib\libg_nano.a(lib_a-closer.o)
 .debug_abbrev  0x00006e74      0x263 c:/program files/microchip/xc32/v2.41/bin/bin/../../lib/gcc/pic32c/6.2.1/../../../../pic32c/lib\libg_nano.a(lib_a-fflush.o)
 .debug_abbrev  0x000070d7      0x233 c:/program files/microchip/xc32/v2.41/bin/bin/../../lib/gcc/pic32c/6.2.1/../../../../pic32c/lib\libg_nano.a(lib_a-fputwc.o)
 .debug_abbrev  0x0000730a      0x264 c:/program files/microchip/xc32/v2.41/bin/bin/../../lib/gcc/pic32c/6.2.1/../../../../pic32c/lib\libg_nano.a(lib_a-locale.o)
 .debug_abbrev  0x0000756e      0x193 c:/program files/microchip/xc32/v2.41/bin/bin/../../lib/gcc/pic32c/6.2.1/../../../../pic32c/lib\libg_nano.a(lib_a-lseekr.o)
 .debug_abbrev  0x00007701      0x268 c:/program files/microchip/xc32/v2.41/bin/bin/../../lib/gcc/pic32c/6.2.1/../../../../pic32c/lib\libg_nano.a(lib_a-makebuf.o)
 .debug_abbrev  0x00007969      0x1cd c:/program files/microchip/xc32/v2.41/bin/bin/../../lib/gcc/pic32c/6.2.1/../../../../pic32c/lib\libg_nano.a(lib_a-mbtowc_r.o)
 .debug_abbrev  0x00007b36      0x16d c:/program files/microchip/xc32/v2.41/bin/bin/../../lib/gcc/pic32c/6.2.1/../../../../pic32c/lib\libg_nano.a(lib_a-memchr-stub.o)
 .debug_abbrev  0x00007ca3      0x165 c:/program files/microchip/xc32/v2.41/bin/bin/../../lib/gcc/pic32c/6.2.1/../../../../pic32c/lib\libg_nano.a(lib_a-mlock.o)
 .debug_abbrev  0x00007e08      0x24f c:/program files/microchip/xc32/v2.41/bin/bin/../../lib/gcc/pic32c/6.2.1/../../../../pic32c/lib\libg_nano.a(lib_a-nano-freer.o)
 .debug_abbrev  0x00008057      0x25f c:/program files/microchip/xc32/v2.41/bin/bin/../../lib/gcc/pic32c/6.2.1/../../../../pic32c/lib\libg_nano.a(lib_a-nano-vfprintf_i.o)
 .debug_abbrev  0x000082b6      0x193 c:/program files/microchip/xc32/v2.41/bin/bin/../../lib/gcc/pic32c/6.2.1/../../../../pic32c/lib\libg_nano.a(lib_a-readr.o)
 .debug_abbrev  0x00008449      0x1ea c:/program files/microchip/xc32/v2.41/bin/bin/../../lib/gcc/pic32c/6.2.1/../../../../pic32c/lib\libg_nano.a(lib_a-reent.o)
 .debug_abbrev  0x00008633      0x1d5 c:/program files/microchip/xc32/v2.41/bin/bin/../../lib/gcc/pic32c/6.2.1/../../../../pic32c/lib\libg_nano.a(lib_a-wcrtomb.o)
 .debug_abbrev  0x00008808      0x1ce c:/program files/microchip/xc32/v2.41/bin/bin/../../lib/gcc/pic32c/6.2.1/../../../../pic32c/lib\libg_nano.a(lib_a-wctomb_r.o)
 .debug_abbrev  0x000089d6      0x131 c:/program files/microchip/xc32/v2.41/bin/bin/../../lib/gcc/pic32c/6.2.1/../../../../pic32c/lib\libg_nano.a(lib_a-ctype_.o)
 .debug_abbrev  0x00008b07      0x193 c:/program files/microchip/xc32/v2.41/bin/bin/../../lib/gcc/pic32c/6.2.1/../../../../pic32c/lib\libg_nano.a(lib_a-fstatr.o)
 .debug_abbrev  0x00008c9a      0x193 c:/program files/microchip/xc32/v2.41/bin/bin/../../lib/gcc/pic32c/6.2.1/../../../../pic32c/lib\libg_nano.a(lib_a-isattyr.o)
 .debug_abbrev  0x00008e2d       0x2a c:/program files/microchip/xc32/v2.41/bin/bin/../../lib/gcc/pic32c/6.2.1/../../../../pic32c/lib\libpic32c.a(_close.o)
 .debug_abbrev  0x00008e57       0x2a c:/program files/microchip/xc32/v2.41/bin/bin/../../lib/gcc/pic32c/6.2.1/../../../../pic32c/lib\libpic32c.a(_fstat.o)
 .debug_abbrev  0x00008e81       0x2a c:/program files/microchip/xc32/v2.41/bin/bin/../../lib/gcc/pic32c/6.2.1/../../../../pic32c/lib\libpic32c.a(_isatty.o)
 .debug_abbrev  0x00008eab       0x2a c:/program files/microchip/xc32/v2.41/bin/bin/../../lib/gcc/pic32c/6.2.1/../../../../pic32c/lib\libpic32c.a(_lseek.o)
 .debug_abbrev  0x00008ed5       0x2a c:/program files/microchip/xc32/v2.41/bin/bin/../../lib/gcc/pic32c/6.2.1/../../../../pic32c/lib\libpic32c.a(_read.o)
 .debug_abbrev  0x00008eff       0x2a c:/program files/microchip/xc32/v2.41/bin/bin/../../lib/gcc/pic32c/6.2.1/../../../../pic32c/lib\libpic32c.a(sbrk.o)
 .debug_abbrev  0x00008f29       0x2a c:/program files/microchip/xc32/v2.41/bin/bin/../../lib/gcc/pic32c/6.2.1/../../../../pic32c/lib\libpic32c.a(_write.o)
 .debug_abbrev  0x00008f53       0x2a c:/program files/microchip/xc32/v2.41/bin/bin/../../lib/gcc/pic32c/6.2.1/../../../../pic32c/lib\libpic32c.a(close.o)
 .debug_abbrev  0x00008f7d       0x2a c:/program files/microchip/xc32/v2.41/bin/bin/../../lib/gcc/pic32c/6.2.1/../../../../pic32c/lib\libpic32c.a(fstat.o)
 .debug_abbrev  0x00008fa7       0x2a c:/program files/microchip/xc32/v2.41/bin/bin/../../lib/gcc/pic32c/6.2.1/../../../../pic32c/lib\libpic32c.a(isatty.o)
 .debug_abbrev  0x00008fd1       0x2a c:/program files/microchip/xc32/v2.41/bin/bin/../../lib/gcc/pic32c/6.2.1/../../../../pic32c/lib\libpic32c.a(lseek.o)
 .debug_abbrev  0x00008ffb       0x2a c:/program files/microchip/xc32/v2.41/bin/bin/../../lib/gcc/pic32c/6.2.1/../../../../pic32c/lib\libpic32c.a(read.o)
 .debug_abbrev  0x00009025       0x2a c:/program files/microchip/xc32/v2.41/bin/bin/../../lib/gcc/pic32c/6.2.1/../../../../pic32c/lib\libpic32c.a(write.o)

.debug_loc      0x00000000     0x70fc
 .debug_loc     0x00000000       0xad build/sam_l22_xpro/debug/_ext/1847749054/LTC2944.o
 .debug_loc     0x000000ad      0x29b build/sam_l22_xpro/debug/_ext/1847749054/comm.o
 .debug_loc     0x00000348      0x1da build/sam_l22_xpro/debug/_ext/1847749054/eeprom.o
 .debug_loc     0x00000522       0xec build/sam_l22_xpro/debug/_ext/1847749054/gpio.o
 .debug_loc     0x0000060e       0xe5 build/sam_l22_xpro/debug/_ext/1847749054/lm75.o
 .debug_loc     0x000006f3       0x6c build/sam_l22_xpro/debug/_ext/1847749054/mgc3130.o
 .debug_loc     0x0000075f      0x18c build/sam_l22_xpro/debug/_ext/1847749054/time.o
 .debug_loc     0x000008eb      0x33f build/sam_l22_xpro/debug/_ext/1847749054/tm_event.o
 .debug_loc     0x00000c2a      0x7f7 build/sam_l22_xpro/debug/_ext/1847749054/uart_M4.o
 .debug_loc     0x00001421      0x4ec build/sam_l22_xpro/debug/_ext/1847749054/g_stk8ba53.o
 .debug_loc     0x0000190d      0x3dc build/sam_l22_xpro/debug/_ext/1847749054/PreShooting.o
 .debug_loc     0x00001ce9      0x10c build/sam_l22_xpro/debug/_ext/431015903/plib_adc.o
 .debug_loc     0x00001df5       0x20 build/sam_l22_xpro/debug/_ext/1887322289/plib_clock.o
 .debug_loc     0x00001e15       0xea build/sam_l22_xpro/debug/_ext/431011904/plib_eic.o
 .debug_loc     0x00001eff      0x1c4 build/sam_l22_xpro/debug/_ext/476186239/plib_nvic.o
 .debug_loc     0x000020c3      0x312 build/sam_l22_xpro/debug/_ext/216541841/plib_nvmctrl.o
 .debug_loc     0x000023d5       0x7e build/sam_l22_xpro/debug/_ext/13903268/plib_pm.o
 .debug_loc     0x00002453      0x3d3 build/sam_l22_xpro/debug/_ext/62028211/sercom0_uart.o
 .debug_loc     0x00002826      0x228 build/sam_l22_xpro/debug/_ext/33399060/sercom1_uart.o
 .debug_loc     0x00002a4e      0x58b build/sam_l22_xpro/debug/_ext/4769909/sercom2_uart.o
 .debug_loc     0x00002fd9      0x32d build/sam_l22_xpro/debug/_ext/23859242/sercom3_uart.o
 .debug_loc     0x00003306      0x32d build/sam_l22_xpro/debug/_ext/52488393/sercom4_uart.o
 .debug_loc     0x00003633      0x357 build/sam_l22_xpro/debug/_ext/80714413/sercom5_i2cm.o
 .debug_loc     0x0000398a       0x9a build/sam_l22_xpro/debug/_ext/451016939/plib_systick.o
 .debug_loc     0x00003a24       0x21 build/sam_l22_xpro/debug/_ext/1876745589/xc32_monitor.o
 .debug_loc     0x00003a45       0x41 build/sam_l22_xpro/debug/_ext/958067195/initialization.o
 .debug_loc     0x00003a86       0x20 build/sam_l22_xpro/debug/_ext/958067195/interrupts.o
 .debug_loc     0x00003aa6       0x20 build/sam_l22_xpro/debug/_ext/958067195/startup_xc32.o
 .debug_loc     0x00003ac6       0x20 build/sam_l22_xpro/debug/_ext/1360937237/main.o
 .debug_loc     0x00003ae6       0x14 c:/program files/microchip/xc32/v2.41/bin/bin/../../lib/gcc/pic32c/6.2.1/../../../../pic32c/lib\libpic32c.a(data_init.o)
 .debug_loc     0x00003afa       0x72 c:/program files/microchip/xc32/v2.41/bin/bin/../../lib/gcc/pic32c/6.2.1/../../../../pic32c/lib\libg_nano.a(lib_a-init.o)
 .debug_loc     0x00003b6c       0xde c:/program files/microchip/xc32/v2.41/bin/bin/../../lib/gcc/pic32c/6.2.1/../../../../pic32c/lib\libg_nano.a(lib_a-memcpy-stub.o)
 .debug_loc     0x00003c4a       0x72 c:/program files/microchip/xc32/v2.41/bin/bin/../../lib/gcc/pic32c/6.2.1/../../../../pic32c/lib\libg_nano.a(lib_a-memset.o)
 .debug_loc     0x00003cbc       0x97 c:/program files/microchip/xc32/v2.41/bin/bin/../../lib/gcc/pic32c/6.2.1/../../../../pic32c/lib\libg_nano.a(lib_a-printf.o)
 .debug_loc     0x00003d53      0x2b8 c:/program files/microchip/xc32/v2.41/bin/bin/../../lib/gcc/pic32c/6.2.1/../../../../pic32c/lib\libg_nano.a(lib_a-findfp.o)
 .debug_loc     0x0000400b      0x1d9 c:/program files/microchip/xc32/v2.41/bin/bin/../../lib/gcc/pic32c/6.2.1/../../../../pic32c/lib\libg_nano.a(lib_a-fwalk.o)
 .debug_loc     0x000041e4      0x242 c:/program files/microchip/xc32/v2.41/bin/bin/../../lib/gcc/pic32c/6.2.1/../../../../pic32c/lib\libg_nano.a(lib_a-nano-mallocr.o)
 .debug_loc     0x00004426      0x377 c:/program files/microchip/xc32/v2.41/bin/bin/../../lib/gcc/pic32c/6.2.1/../../../../pic32c/lib\libg_nano.a(lib_a-nano-vfprintf.o)
 .debug_loc     0x0000479d      0x5eb c:/program files/microchip/xc32/v2.41/bin/bin/../../lib/gcc/pic32c/6.2.1/../../../../pic32c/lib\libg_nano.a(_lib_a-nano-vfprintf.s.o)
 .debug_loc     0x00004d88       0x6d c:/program files/microchip/xc32/v2.41/bin/bin/../../lib/gcc/pic32c/6.2.1/../../../../pic32c/lib\libg_nano.a(lib_a-sbrkr.o)
 .debug_loc     0x00004df5      0x1da c:/program files/microchip/xc32/v2.41/bin/bin/../../lib/gcc/pic32c/6.2.1/../../../../pic32c/lib\libg_nano.a(lib_a-__ssfputs.o)
 .debug_loc     0x00004fcf      0x382 c:/program files/microchip/xc32/v2.41/bin/bin/../../lib/gcc/pic32c/6.2.1/../../../../pic32c/lib\libg_nano.a(lib_a-stdio.o)
 .debug_loc     0x00005351      0x194 c:/program files/microchip/xc32/v2.41/bin/bin/../../lib/gcc/pic32c/6.2.1/../../../../pic32c/lib\libg_nano.a(lib_a-wbuf.o)
 .debug_loc     0x000054e5       0xc5 c:/program files/microchip/xc32/v2.41/bin/bin/../../lib/gcc/pic32c/6.2.1/../../../../pic32c/lib\libg_nano.a(lib_a-writer.o)
 .debug_loc     0x000055aa       0x9e c:/program files/microchip/xc32/v2.41/bin/bin/../../lib/gcc/pic32c/6.2.1/../../../../pic32c/lib\libg_nano.a(lib_a-wsetup.o)
 .debug_loc     0x00005648       0x6d c:/program files/microchip/xc32/v2.41/bin/bin/../../lib/gcc/pic32c/6.2.1/../../../../pic32c/lib\libg_nano.a(lib_a-closer.o)
 .debug_loc     0x000056b5      0x30b c:/program files/microchip/xc32/v2.41/bin/bin/../../lib/gcc/pic32c/6.2.1/../../../../pic32c/lib\libg_nano.a(lib_a-fflush.o)
 .debug_loc     0x000059c0      0x2ac c:/program files/microchip/xc32/v2.41/bin/bin/../../lib/gcc/pic32c/6.2.1/../../../../pic32c/lib\libg_nano.a(lib_a-fputwc.o)
 .debug_loc     0x00005c6c      0x174 c:/program files/microchip/xc32/v2.41/bin/bin/../../lib/gcc/pic32c/6.2.1/../../../../pic32c/lib\libg_nano.a(lib_a-locale.o)
 .debug_loc     0x00005de0       0xc5 c:/program files/microchip/xc32/v2.41/bin/bin/../../lib/gcc/pic32c/6.2.1/../../../../pic32c/lib\libg_nano.a(lib_a-lseekr.o)
 .debug_loc     0x00005ea5      0x260 c:/program files/microchip/xc32/v2.41/bin/bin/../../lib/gcc/pic32c/6.2.1/../../../../pic32c/lib\libg_nano.a(lib_a-makebuf.o)
 .debug_loc     0x00006105      0x19a c:/program files/microchip/xc32/v2.41/bin/bin/../../lib/gcc/pic32c/6.2.1/../../../../pic32c/lib\libg_nano.a(lib_a-mbtowc_r.o)
 .debug_loc     0x0000629f       0xb4 c:/program files/microchip/xc32/v2.41/bin/bin/../../lib/gcc/pic32c/6.2.1/../../../../pic32c/lib\libg_nano.a(lib_a-memchr-stub.o)
 .debug_loc     0x00006353      0x108 c:/program files/microchip/xc32/v2.41/bin/bin/../../lib/gcc/pic32c/6.2.1/../../../../pic32c/lib\libg_nano.a(lib_a-nano-freer.o)
 .debug_loc     0x0000645b      0x66f c:/program files/microchip/xc32/v2.41/bin/bin/../../lib/gcc/pic32c/6.2.1/../../../../pic32c/lib\libg_nano.a(lib_a-nano-vfprintf_i.o)
 .debug_loc     0x00006aca       0xc5 c:/program files/microchip/xc32/v2.41/bin/bin/../../lib/gcc/pic32c/6.2.1/../../../../pic32c/lib\libg_nano.a(lib_a-readr.o)
 .debug_loc     0x00006b8f      0x10b c:/program files/microchip/xc32/v2.41/bin/bin/../../lib/gcc/pic32c/6.2.1/../../../../pic32c/lib\libg_nano.a(lib_a-reent.o)
 .debug_loc     0x00006c9a      0x1cb c:/program files/microchip/xc32/v2.41/bin/bin/../../lib/gcc/pic32c/6.2.1/../../../../pic32c/lib\libg_nano.a(lib_a-wcrtomb.o)
 .debug_loc     0x00006e65       0xf1 c:/program files/microchip/xc32/v2.41/bin/bin/../../lib/gcc/pic32c/6.2.1/../../../../pic32c/lib\libg_nano.a(lib_a-wctomb_r.o)
 .debug_loc     0x00006f56       0x99 c:/program files/microchip/xc32/v2.41/bin/bin/../../lib/gcc/pic32c/6.2.1/../../../../pic32c/lib\libg_nano.a(lib_a-fstatr.o)
 .debug_loc     0x00006fef       0x6d c:/program files/microchip/xc32/v2.41/bin/bin/../../lib/gcc/pic32c/6.2.1/../../../../pic32c/lib\libg_nano.a(lib_a-isattyr.o)
 .debug_loc     0x0000705c       0x14 c:/program files/microchip/xc32/v2.41/bin/bin/../../lib/gcc/pic32c/6.2.1/../../../../pic32c/lib\libpic32c.a(_close.o)
 .debug_loc     0x00007070       0x14 c:/program files/microchip/xc32/v2.41/bin/bin/../../lib/gcc/pic32c/6.2.1/../../../../pic32c/lib\libpic32c.a(_fstat.o)
 .debug_loc     0x00007084       0x14 c:/program files/microchip/xc32/v2.41/bin/bin/../../lib/gcc/pic32c/6.2.1/../../../../pic32c/lib\libpic32c.a(_isatty.o)
 .debug_loc     0x00007098       0x14 c:/program files/microchip/xc32/v2.41/bin/bin/../../lib/gcc/pic32c/6.2.1/../../../../pic32c/lib\libpic32c.a(_lseek.o)
 .debug_loc     0x000070ac       0x14 c:/program files/microchip/xc32/v2.41/bin/bin/../../lib/gcc/pic32c/6.2.1/../../../../pic32c/lib\libpic32c.a(_read.o)
 .debug_loc     0x000070c0       0x14 c:/program files/microchip/xc32/v2.41/bin/bin/../../lib/gcc/pic32c/6.2.1/../../../../pic32c/lib\libpic32c.a(_write.o)
 .debug_loc     0x000070d4       0x14 c:/program files/microchip/xc32/v2.41/bin/bin/../../lib/gcc/pic32c/6.2.1/../../../../pic32c/lib\libpic32c.a(read.o)
 .debug_loc     0x000070e8       0x14 c:/program files/microchip/xc32/v2.41/bin/bin/../../lib/gcc/pic32c/6.2.1/../../../../pic32c/lib\libpic32c.a(write.o)

.debug_aranges  0x00000000     0x1070
 .debug_aranges
                0x00000000       0x38 build/sam_l22_xpro/debug/_ext/1847749054/LTC2944.o
 .debug_aranges
                0x00000038       0x38 build/sam_l22_xpro/debug/_ext/1847749054/comm.o
 .debug_aranges
                0x00000070       0x48 build/sam_l22_xpro/debug/_ext/1847749054/eeprom.o
 .debug_aranges
                0x000000b8       0x18 build/sam_l22_xpro/debug/_ext/1847749054/global.o
 .debug_aranges
                0x000000d0       0x50 build/sam_l22_xpro/debug/_ext/1847749054/gpio.o
 .debug_aranges
                0x00000120       0x30 build/sam_l22_xpro/debug/_ext/1847749054/lm75.o
 .debug_aranges
                0x00000150       0x30 build/sam_l22_xpro/debug/_ext/1847749054/mgc3130.o
 .debug_aranges
                0x00000180       0x48 build/sam_l22_xpro/debug/_ext/1847749054/time.o
 .debug_aranges
                0x000001c8       0x50 build/sam_l22_xpro/debug/_ext/1847749054/tm_event.o
 .debug_aranges
                0x00000218       0xb8 build/sam_l22_xpro/debug/_ext/1847749054/uart_M4.o
 .debug_aranges
                0x000002d0       0x58 build/sam_l22_xpro/debug/_ext/1847749054/g_stk8ba53.o
 .debug_aranges
                0x00000328       0x70 build/sam_l22_xpro/debug/_ext/1847749054/PreShooting.o
 .debug_aranges
                0x00000398       0x78 build/sam_l22_xpro/debug/_ext/431015903/plib_adc.o
 .debug_aranges
                0x00000410       0x20 build/sam_l22_xpro/debug/_ext/1887322289/plib_clock.o
 .debug_aranges
                0x00000430       0x40 build/sam_l22_xpro/debug/_ext/431011904/plib_eic.o
 .debug_aranges
                0x00000470       0x20 build/sam_l22_xpro/debug/_ext/1885172803/plib_evsys.o
 .debug_aranges
                0x00000490       0x20 build/sam_l22_xpro/debug/_ext/476186239/plib_nvic.o
 .debug_aranges
                0x000004b0       0x78 build/sam_l22_xpro/debug/_ext/216541841/plib_nvmctrl.o
 .debug_aranges
                0x00000528       0x58 build/sam_l22_xpro/debug/_ext/13903268/plib_pm.o
 .debug_aranges
                0x00000580       0x80 build/sam_l22_xpro/debug/_ext/62028211/sercom0_uart.o
 .debug_aranges
                0x00000600       0x50 build/sam_l22_xpro/debug/_ext/33399060/sercom1_uart.o
 .debug_aranges
                0x00000650       0x88 build/sam_l22_xpro/debug/_ext/4769909/sercom2_uart.o
 .debug_aranges
                0x000006d8       0x70 build/sam_l22_xpro/debug/_ext/23859242/sercom3_uart.o
 .debug_aranges
                0x00000748       0x70 build/sam_l22_xpro/debug/_ext/52488393/sercom4_uart.o
 .debug_aranges
                0x000007b8       0x58 build/sam_l22_xpro/debug/_ext/80714413/sercom5_i2cm.o
 .debug_aranges
                0x00000810       0x70 build/sam_l22_xpro/debug/_ext/451016939/plib_systick.o
 .debug_aranges
                0x00000880       0x28 build/sam_l22_xpro/debug/_ext/1876745589/xc32_monitor.o
 .debug_aranges
                0x000008a8       0x20 build/sam_l22_xpro/debug/_ext/958067195/initialization.o
 .debug_aranges
                0x000008c8       0x20 build/sam_l22_xpro/debug/_ext/958067195/interrupts.o
 .debug_aranges
                0x000008e8       0x28 build/sam_l22_xpro/debug/_ext/958067195/exceptions.o
 .debug_aranges
                0x00000910       0x20 build/sam_l22_xpro/debug/_ext/958067195/startup_xc32.o
 .debug_aranges
                0x00000930       0x20 build/sam_l22_xpro/debug/_ext/1360937237/main.o
 .debug_aranges
                0x00000950       0x20 c:/program files/microchip/xc32/v2.41/bin/bin/../../lib/gcc/pic32c/6.2.1/../../../../pic32c/lib\libpic32c.a(data_init.o)
 .debug_aranges
                0x00000970       0x20 c:/program files/microchip/xc32/v2.41/bin/bin/../../lib/gcc/pic32c/6.2.1\libgcc.a(_udivsi3.o)
 .debug_aranges
                0x00000990       0x20 c:/program files/microchip/xc32/v2.41/bin/bin/../../lib/gcc/pic32c/6.2.1\libgcc.a(_dvmd_tls.o)
 .debug_aranges
                0x000009b0       0x20 c:/program files/microchip/xc32/v2.41/bin/bin/../../lib/gcc/pic32c/6.2.1/../../../../pic32c/lib\libg_nano.a(lib_a-init.o)
 .debug_aranges
                0x000009d0       0x20 c:/program files/microchip/xc32/v2.41/bin/bin/../../lib/gcc/pic32c/6.2.1/../../../../pic32c/lib\libg_nano.a(lib_a-memcpy-stub.o)
 .debug_aranges
                0x000009f0       0x20 c:/program files/microchip/xc32/v2.41/bin/bin/../../lib/gcc/pic32c/6.2.1/../../../../pic32c/lib\libg_nano.a(lib_a-memset.o)
 .debug_aranges
                0x00000a10       0x28 c:/program files/microchip/xc32/v2.41/bin/bin/../../lib/gcc/pic32c/6.2.1/../../../../pic32c/lib\libg_nano.a(lib_a-printf.o)
 .debug_aranges
                0x00000a38       0x48 c:/program files/microchip/xc32/v2.41/bin/bin/../../lib/gcc/pic32c/6.2.1/../../../../pic32c/lib\libg_nano.a(lib_a-findfp.o)
 .debug_aranges
                0x00000a80       0x28 c:/program files/microchip/xc32/v2.41/bin/bin/../../lib/gcc/pic32c/6.2.1/../../../../pic32c/lib\libg_nano.a(lib_a-fwalk.o)
 .debug_aranges
                0x00000aa8       0x18 c:/program files/microchip/xc32/v2.41/bin/bin/../../lib/gcc/pic32c/6.2.1/../../../../pic32c/lib\libg_nano.a(lib_a-impure.o)
 .debug_aranges
                0x00000ac0       0x20 c:/program files/microchip/xc32/v2.41/bin/bin/../../lib/gcc/pic32c/6.2.1/../../../../pic32c/lib\libg_nano.a(lib_a-nano-mallocr.o)
 .debug_aranges
                0x00000ae0       0x28 c:/program files/microchip/xc32/v2.41/bin/bin/../../lib/gcc/pic32c/6.2.1/../../../../pic32c/lib\libg_nano.a(lib_a-nano-vfprintf.o)
 .debug_aranges
                0x00000b08       0x30 c:/program files/microchip/xc32/v2.41/bin/bin/../../lib/gcc/pic32c/6.2.1/../../../../pic32c/lib\libg_nano.a(_lib_a-nano-vfprintf.s.o)
 .debug_aranges
                0x00000b38       0x20 c:/program files/microchip/xc32/v2.41/bin/bin/../../lib/gcc/pic32c/6.2.1/../../../../pic32c/lib\libg_nano.a(lib_a-sbrkr.o)
 .debug_aranges
                0x00000b58       0x28 c:/program files/microchip/xc32/v2.41/bin/bin/../../lib/gcc/pic32c/6.2.1/../../../../pic32c/lib\libg_nano.a(lib_a-__ssfputs.o)
 .debug_aranges
                0x00000b80       0x40 c:/program files/microchip/xc32/v2.41/bin/bin/../../lib/gcc/pic32c/6.2.1/../../../../pic32c/lib\libg_nano.a(lib_a-stdio.o)
 .debug_aranges
                0x00000bc0       0x28 c:/program files/microchip/xc32/v2.41/bin/bin/../../lib/gcc/pic32c/6.2.1/../../../../pic32c/lib\libg_nano.a(lib_a-wbuf.o)
 .debug_aranges
                0x00000be8       0x20 c:/program files/microchip/xc32/v2.41/bin/bin/../../lib/gcc/pic32c/6.2.1/../../../../pic32c/lib\libg_nano.a(lib_a-writer.o)
 .debug_aranges
                0x00000c08       0x20 c:/program files/microchip/xc32/v2.41/bin/bin/../../lib/gcc/pic32c/6.2.1/../../../../pic32c/lib\libg_nano.a(lib_a-wsetup.o)
 .debug_aranges
                0x00000c28       0x20 c:/program files/microchip/xc32/v2.41/bin/bin/../../lib/gcc/pic32c/6.2.1/../../../../pic32c/lib\libg_nano.a(lib_a-closer.o)
 .debug_aranges
                0x00000c48       0x30 c:/program files/microchip/xc32/v2.41/bin/bin/../../lib/gcc/pic32c/6.2.1/../../../../pic32c/lib\libg_nano.a(lib_a-fflush.o)
 .debug_aranges
                0x00000c78       0x30 c:/program files/microchip/xc32/v2.41/bin/bin/../../lib/gcc/pic32c/6.2.1/../../../../pic32c/lib\libg_nano.a(lib_a-fputwc.o)
 .debug_aranges
                0x00000ca8       0x40 c:/program files/microchip/xc32/v2.41/bin/bin/../../lib/gcc/pic32c/6.2.1/../../../../pic32c/lib\libg_nano.a(lib_a-locale.o)
 .debug_aranges
                0x00000ce8       0x20 c:/program files/microchip/xc32/v2.41/bin/bin/../../lib/gcc/pic32c/6.2.1/../../../../pic32c/lib\libg_nano.a(lib_a-lseekr.o)
 .debug_aranges
                0x00000d08       0x28 c:/program files/microchip/xc32/v2.41/bin/bin/../../lib/gcc/pic32c/6.2.1/../../../../pic32c/lib\libg_nano.a(lib_a-makebuf.o)
 .debug_aranges
                0x00000d30       0x28 c:/program files/microchip/xc32/v2.41/bin/bin/../../lib/gcc/pic32c/6.2.1/../../../../pic32c/lib\libg_nano.a(lib_a-mbtowc_r.o)
 .debug_aranges
                0x00000d58       0x20 c:/program files/microchip/xc32/v2.41/bin/bin/../../lib/gcc/pic32c/6.2.1/../../../../pic32c/lib\libg_nano.a(lib_a-memchr-stub.o)
 .debug_aranges
                0x00000d78       0x20 c:/program files/microchip/xc32/v2.41/bin/bin/../../lib/gcc/pic32c/6.2.1/../../../../pic32c/lib\libg_nano.a(lib_a-mlock.o)
 .debug_aranges
                0x00000d98       0x20 c:/program files/microchip/xc32/v2.41/bin/bin/../../lib/gcc/pic32c/6.2.1/../../../../pic32c/lib\libg_nano.a(lib_a-nano-freer.o)
 .debug_aranges
                0x00000db8       0x28 c:/program files/microchip/xc32/v2.41/bin/bin/../../lib/gcc/pic32c/6.2.1/../../../../pic32c/lib\libg_nano.a(lib_a-nano-vfprintf_i.o)
 .debug_aranges
                0x00000de0       0x20 c:/program files/microchip/xc32/v2.41/bin/bin/../../lib/gcc/pic32c/6.2.1/../../../../pic32c/lib\libg_nano.a(lib_a-readr.o)
 .debug_aranges
                0x00000e00       0x28 c:/program files/microchip/xc32/v2.41/bin/bin/../../lib/gcc/pic32c/6.2.1/../../../../pic32c/lib\libg_nano.a(lib_a-reent.o)
 .debug_aranges
                0x00000e28       0x28 c:/program files/microchip/xc32/v2.41/bin/bin/../../lib/gcc/pic32c/6.2.1/../../../../pic32c/lib\libg_nano.a(lib_a-wcrtomb.o)
 .debug_aranges
                0x00000e50       0x28 c:/program files/microchip/xc32/v2.41/bin/bin/../../lib/gcc/pic32c/6.2.1/../../../../pic32c/lib\libg_nano.a(lib_a-wctomb_r.o)
 .debug_aranges
                0x00000e78       0x18 c:/program files/microchip/xc32/v2.41/bin/bin/../../lib/gcc/pic32c/6.2.1/../../../../pic32c/lib\libg_nano.a(lib_a-ctype_.o)
 .debug_aranges
                0x00000e90       0x20 c:/program files/microchip/xc32/v2.41/bin/bin/../../lib/gcc/pic32c/6.2.1/../../../../pic32c/lib\libg_nano.a(lib_a-fstatr.o)
 .debug_aranges
                0x00000eb0       0x20 c:/program files/microchip/xc32/v2.41/bin/bin/../../lib/gcc/pic32c/6.2.1/../../../../pic32c/lib\libg_nano.a(lib_a-isattyr.o)
 .debug_aranges
                0x00000ed0       0x20 c:/program files/microchip/xc32/v2.41/bin/bin/../../lib/gcc/pic32c/6.2.1/../../../../pic32c/lib\libpic32c.a(_close.o)
 .debug_aranges
                0x00000ef0       0x20 c:/program files/microchip/xc32/v2.41/bin/bin/../../lib/gcc/pic32c/6.2.1/../../../../pic32c/lib\libpic32c.a(_fstat.o)
 .debug_aranges
                0x00000f10       0x20 c:/program files/microchip/xc32/v2.41/bin/bin/../../lib/gcc/pic32c/6.2.1/../../../../pic32c/lib\libpic32c.a(_isatty.o)
 .debug_aranges
                0x00000f30       0x20 c:/program files/microchip/xc32/v2.41/bin/bin/../../lib/gcc/pic32c/6.2.1/../../../../pic32c/lib\libpic32c.a(_lseek.o)
 .debug_aranges
                0x00000f50       0x20 c:/program files/microchip/xc32/v2.41/bin/bin/../../lib/gcc/pic32c/6.2.1/../../../../pic32c/lib\libpic32c.a(_read.o)
 .debug_aranges
                0x00000f70       0x20 c:/program files/microchip/xc32/v2.41/bin/bin/../../lib/gcc/pic32c/6.2.1/../../../../pic32c/lib\libpic32c.a(sbrk.o)
 .debug_aranges
                0x00000f90       0x20 c:/program files/microchip/xc32/v2.41/bin/bin/../../lib/gcc/pic32c/6.2.1/../../../../pic32c/lib\libpic32c.a(_write.o)
 .debug_aranges
                0x00000fb0       0x20 c:/program files/microchip/xc32/v2.41/bin/bin/../../lib/gcc/pic32c/6.2.1/../../../../pic32c/lib\libpic32c.a(close.o)
 .debug_aranges
                0x00000fd0       0x20 c:/program files/microchip/xc32/v2.41/bin/bin/../../lib/gcc/pic32c/6.2.1/../../../../pic32c/lib\libpic32c.a(fstat.o)
 .debug_aranges
                0x00000ff0       0x20 c:/program files/microchip/xc32/v2.41/bin/bin/../../lib/gcc/pic32c/6.2.1/../../../../pic32c/lib\libpic32c.a(isatty.o)
 .debug_aranges
                0x00001010       0x20 c:/program files/microchip/xc32/v2.41/bin/bin/../../lib/gcc/pic32c/6.2.1/../../../../pic32c/lib\libpic32c.a(lseek.o)
 .debug_aranges
                0x00001030       0x20 c:/program files/microchip/xc32/v2.41/bin/bin/../../lib/gcc/pic32c/6.2.1/../../../../pic32c/lib\libpic32c.a(read.o)
 .debug_aranges
                0x00001050       0x20 c:/program files/microchip/xc32/v2.41/bin/bin/../../lib/gcc/pic32c/6.2.1/../../../../pic32c/lib\libpic32c.a(write.o)

.debug_ranges   0x00000000      0xd98
 .debug_ranges  0x00000000       0x28 build/sam_l22_xpro/debug/_ext/1847749054/LTC2944.o
 .debug_ranges  0x00000028       0x28 build/sam_l22_xpro/debug/_ext/1847749054/comm.o
 .debug_ranges  0x00000050       0x38 build/sam_l22_xpro/debug/_ext/1847749054/eeprom.o
 .debug_ranges  0x00000088       0x40 build/sam_l22_xpro/debug/_ext/1847749054/gpio.o
 .debug_ranges  0x000000c8       0x20 build/sam_l22_xpro/debug/_ext/1847749054/lm75.o
 .debug_ranges  0x000000e8       0x20 build/sam_l22_xpro/debug/_ext/1847749054/mgc3130.o
 .debug_ranges  0x00000108       0x38 build/sam_l22_xpro/debug/_ext/1847749054/time.o
 .debug_ranges  0x00000140       0x40 build/sam_l22_xpro/debug/_ext/1847749054/tm_event.o
 .debug_ranges  0x00000180       0xa8 build/sam_l22_xpro/debug/_ext/1847749054/uart_M4.o
 .debug_ranges  0x00000228       0x48 build/sam_l22_xpro/debug/_ext/1847749054/g_stk8ba53.o
 .debug_ranges  0x00000270       0x60 build/sam_l22_xpro/debug/_ext/1847749054/PreShooting.o
 .debug_ranges  0x000002d0       0x68 build/sam_l22_xpro/debug/_ext/431015903/plib_adc.o
 .debug_ranges  0x00000338       0x10 build/sam_l22_xpro/debug/_ext/1887322289/plib_clock.o
 .debug_ranges  0x00000348       0x30 build/sam_l22_xpro/debug/_ext/431011904/plib_eic.o
 .debug_ranges  0x00000378       0x10 build/sam_l22_xpro/debug/_ext/1885172803/plib_evsys.o
 .debug_ranges  0x00000388       0x10 build/sam_l22_xpro/debug/_ext/476186239/plib_nvic.o
 .debug_ranges  0x00000398       0x68 build/sam_l22_xpro/debug/_ext/216541841/plib_nvmctrl.o
 .debug_ranges  0x00000400       0x48 build/sam_l22_xpro/debug/_ext/13903268/plib_pm.o
 .debug_ranges  0x00000448       0x70 build/sam_l22_xpro/debug/_ext/62028211/sercom0_uart.o
 .debug_ranges  0x000004b8       0x40 build/sam_l22_xpro/debug/_ext/33399060/sercom1_uart.o
 .debug_ranges  0x000004f8       0x78 build/sam_l22_xpro/debug/_ext/4769909/sercom2_uart.o
 .debug_ranges  0x00000570       0x60 build/sam_l22_xpro/debug/_ext/23859242/sercom3_uart.o
 .debug_ranges  0x000005d0       0x60 build/sam_l22_xpro/debug/_ext/52488393/sercom4_uart.o
 .debug_ranges  0x00000630       0x48 build/sam_l22_xpro/debug/_ext/80714413/sercom5_i2cm.o
 .debug_ranges  0x00000678       0x60 build/sam_l22_xpro/debug/_ext/451016939/plib_systick.o
 .debug_ranges  0x000006d8       0x18 build/sam_l22_xpro/debug/_ext/1876745589/xc32_monitor.o
 .debug_ranges  0x000006f0       0x10 build/sam_l22_xpro/debug/_ext/958067195/initialization.o
 .debug_ranges  0x00000700       0x10 build/sam_l22_xpro/debug/_ext/958067195/interrupts.o
 .debug_ranges  0x00000710       0x18 build/sam_l22_xpro/debug/_ext/958067195/exceptions.o
 .debug_ranges  0x00000728       0x10 build/sam_l22_xpro/debug/_ext/958067195/startup_xc32.o
 .debug_ranges  0x00000738       0x10 build/sam_l22_xpro/debug/_ext/1360937237/main.o
 .debug_ranges  0x00000748       0x10 c:/program files/microchip/xc32/v2.41/bin/bin/../../lib/gcc/pic32c/6.2.1/../../../../pic32c/lib\libpic32c.a(data_init.o)
 .debug_ranges  0x00000758       0x10 c:/program files/microchip/xc32/v2.41/bin/bin/../../lib/gcc/pic32c/6.2.1/../../../../pic32c/lib\libg_nano.a(lib_a-init.o)
 .debug_ranges  0x00000768       0x10 c:/program files/microchip/xc32/v2.41/bin/bin/../../lib/gcc/pic32c/6.2.1/../../../../pic32c/lib\libg_nano.a(lib_a-memcpy-stub.o)
 .debug_ranges  0x00000778       0x10 c:/program files/microchip/xc32/v2.41/bin/bin/../../lib/gcc/pic32c/6.2.1/../../../../pic32c/lib\libg_nano.a(lib_a-memset.o)
 .debug_ranges  0x00000788       0x18 c:/program files/microchip/xc32/v2.41/bin/bin/../../lib/gcc/pic32c/6.2.1/../../../../pic32c/lib\libg_nano.a(lib_a-printf.o)
 .debug_ranges  0x000007a0       0x38 c:/program files/microchip/xc32/v2.41/bin/bin/../../lib/gcc/pic32c/6.2.1/../../../../pic32c/lib\libg_nano.a(lib_a-findfp.o)
 .debug_ranges  0x000007d8       0x18 c:/program files/microchip/xc32/v2.41/bin/bin/../../lib/gcc/pic32c/6.2.1/../../../../pic32c/lib\libg_nano.a(lib_a-fwalk.o)
 .debug_ranges  0x000007f0       0x60 c:/program files/microchip/xc32/v2.41/bin/bin/../../lib/gcc/pic32c/6.2.1/../../../../pic32c/lib\libg_nano.a(lib_a-nano-mallocr.o)
 .debug_ranges  0x00000850       0x30 c:/program files/microchip/xc32/v2.41/bin/bin/../../lib/gcc/pic32c/6.2.1/../../../../pic32c/lib\libg_nano.a(lib_a-nano-vfprintf.o)
 .debug_ranges  0x00000880       0x78 c:/program files/microchip/xc32/v2.41/bin/bin/../../lib/gcc/pic32c/6.2.1/../../../../pic32c/lib\libg_nano.a(_lib_a-nano-vfprintf.s.o)
 .debug_ranges  0x000008f8       0x10 c:/program files/microchip/xc32/v2.41/bin/bin/../../lib/gcc/pic32c/6.2.1/../../../../pic32c/lib\libg_nano.a(lib_a-sbrkr.o)
 .debug_ranges  0x00000908       0x30 c:/program files/microchip/xc32/v2.41/bin/bin/../../lib/gcc/pic32c/6.2.1/../../../../pic32c/lib\libg_nano.a(lib_a-__ssfputs.o)
 .debug_ranges  0x00000938       0x30 c:/program files/microchip/xc32/v2.41/bin/bin/../../lib/gcc/pic32c/6.2.1/../../../../pic32c/lib\libg_nano.a(lib_a-stdio.o)
 .debug_ranges  0x00000968       0x30 c:/program files/microchip/xc32/v2.41/bin/bin/../../lib/gcc/pic32c/6.2.1/../../../../pic32c/lib\libg_nano.a(lib_a-wbuf.o)
 .debug_ranges  0x00000998       0x10 c:/program files/microchip/xc32/v2.41/bin/bin/../../lib/gcc/pic32c/6.2.1/../../../../pic32c/lib\libg_nano.a(lib_a-writer.o)
 .debug_ranges  0x000009a8       0x38 c:/program files/microchip/xc32/v2.41/bin/bin/../../lib/gcc/pic32c/6.2.1/../../../../pic32c/lib\libg_nano.a(lib_a-wsetup.o)
 .debug_ranges  0x000009e0       0x10 c:/program files/microchip/xc32/v2.41/bin/bin/../../lib/gcc/pic32c/6.2.1/../../../../pic32c/lib\libg_nano.a(lib_a-closer.o)
 .debug_ranges  0x000009f0       0x68 c:/program files/microchip/xc32/v2.41/bin/bin/../../lib/gcc/pic32c/6.2.1/../../../../pic32c/lib\libg_nano.a(lib_a-fflush.o)
 .debug_ranges  0x00000a58       0x50 c:/program files/microchip/xc32/v2.41/bin/bin/../../lib/gcc/pic32c/6.2.1/../../../../pic32c/lib\libg_nano.a(lib_a-fputwc.o)
 .debug_ranges  0x00000aa8       0x30 c:/program files/microchip/xc32/v2.41/bin/bin/../../lib/gcc/pic32c/6.2.1/../../../../pic32c/lib\libg_nano.a(lib_a-locale.o)
 .debug_ranges  0x00000ad8       0x10 c:/program files/microchip/xc32/v2.41/bin/bin/../../lib/gcc/pic32c/6.2.1/../../../../pic32c/lib\libg_nano.a(lib_a-lseekr.o)
 .debug_ranges  0x00000ae8       0x30 c:/program files/microchip/xc32/v2.41/bin/bin/../../lib/gcc/pic32c/6.2.1/../../../../pic32c/lib\libg_nano.a(lib_a-makebuf.o)
 .debug_ranges  0x00000b18       0x18 c:/program files/microchip/xc32/v2.41/bin/bin/../../lib/gcc/pic32c/6.2.1/../../../../pic32c/lib\libg_nano.a(lib_a-mbtowc_r.o)
 .debug_ranges  0x00000b30       0x10 c:/program files/microchip/xc32/v2.41/bin/bin/../../lib/gcc/pic32c/6.2.1/../../../../pic32c/lib\libg_nano.a(lib_a-memchr-stub.o)
 .debug_ranges  0x00000b40       0x10 c:/program files/microchip/xc32/v2.41/bin/bin/../../lib/gcc/pic32c/6.2.1/../../../../pic32c/lib\libg_nano.a(lib_a-mlock.o)
 .debug_ranges  0x00000b50       0x28 c:/program files/microchip/xc32/v2.41/bin/bin/../../lib/gcc/pic32c/6.2.1/../../../../pic32c/lib\libg_nano.a(lib_a-nano-freer.o)
 .debug_ranges  0x00000b78       0x90 c:/program files/microchip/xc32/v2.41/bin/bin/../../lib/gcc/pic32c/6.2.1/../../../../pic32c/lib\libg_nano.a(lib_a-nano-vfprintf_i.o)
 .debug_ranges  0x00000c08       0x10 c:/program files/microchip/xc32/v2.41/bin/bin/../../lib/gcc/pic32c/6.2.1/../../../../pic32c/lib\libg_nano.a(lib_a-readr.o)
 .debug_ranges  0x00000c18       0x48 c:/program files/microchip/xc32/v2.41/bin/bin/../../lib/gcc/pic32c/6.2.1/../../../../pic32c/lib\libg_nano.a(lib_a-reent.o)
 .debug_ranges  0x00000c60       0x30 c:/program files/microchip/xc32/v2.41/bin/bin/../../lib/gcc/pic32c/6.2.1/../../../../pic32c/lib\libg_nano.a(lib_a-wcrtomb.o)
 .debug_ranges  0x00000c90       0x18 c:/program files/microchip/xc32/v2.41/bin/bin/../../lib/gcc/pic32c/6.2.1/../../../../pic32c/lib\libg_nano.a(lib_a-wctomb_r.o)
 .debug_ranges  0x00000ca8       0x10 c:/program files/microchip/xc32/v2.41/bin/bin/../../lib/gcc/pic32c/6.2.1/../../../../pic32c/lib\libg_nano.a(lib_a-fstatr.o)
 .debug_ranges  0x00000cb8       0x10 c:/program files/microchip/xc32/v2.41/bin/bin/../../lib/gcc/pic32c/6.2.1/../../../../pic32c/lib\libg_nano.a(lib_a-isattyr.o)
 .debug_ranges  0x00000cc8       0x10 c:/program files/microchip/xc32/v2.41/bin/bin/../../lib/gcc/pic32c/6.2.1/../../../../pic32c/lib\libpic32c.a(_close.o)
 .debug_ranges  0x00000cd8       0x10 c:/program files/microchip/xc32/v2.41/bin/bin/../../lib/gcc/pic32c/6.2.1/../../../../pic32c/lib\libpic32c.a(_fstat.o)
 .debug_ranges  0x00000ce8       0x10 c:/program files/microchip/xc32/v2.41/bin/bin/../../lib/gcc/pic32c/6.2.1/../../../../pic32c/lib\libpic32c.a(_isatty.o)
 .debug_ranges  0x00000cf8       0x10 c:/program files/microchip/xc32/v2.41/bin/bin/../../lib/gcc/pic32c/6.2.1/../../../../pic32c/lib\libpic32c.a(_lseek.o)
 .debug_ranges  0x00000d08       0x10 c:/program files/microchip/xc32/v2.41/bin/bin/../../lib/gcc/pic32c/6.2.1/../../../../pic32c/lib\libpic32c.a(_read.o)
 .debug_ranges  0x00000d18       0x10 c:/program files/microchip/xc32/v2.41/bin/bin/../../lib/gcc/pic32c/6.2.1/../../../../pic32c/lib\libpic32c.a(sbrk.o)
 .debug_ranges  0x00000d28       0x10 c:/program files/microchip/xc32/v2.41/bin/bin/../../lib/gcc/pic32c/6.2.1/../../../../pic32c/lib\libpic32c.a(_write.o)
 .debug_ranges  0x00000d38       0x10 c:/program files/microchip/xc32/v2.41/bin/bin/../../lib/gcc/pic32c/6.2.1/../../../../pic32c/lib\libpic32c.a(close.o)
 .debug_ranges  0x00000d48       0x10 c:/program files/microchip/xc32/v2.41/bin/bin/../../lib/gcc/pic32c/6.2.1/../../../../pic32c/lib\libpic32c.a(fstat.o)
 .debug_ranges  0x00000d58       0x10 c:/program files/microchip/xc32/v2.41/bin/bin/../../lib/gcc/pic32c/6.2.1/../../../../pic32c/lib\libpic32c.a(isatty.o)
 .debug_ranges  0x00000d68       0x10 c:/program files/microchip/xc32/v2.41/bin/bin/../../lib/gcc/pic32c/6.2.1/../../../../pic32c/lib\libpic32c.a(lseek.o)
 .debug_ranges  0x00000d78       0x10 c:/program files/microchip/xc32/v2.41/bin/bin/../../lib/gcc/pic32c/6.2.1/../../../../pic32c/lib\libpic32c.a(read.o)
 .debug_ranges  0x00000d88       0x10 c:/program files/microchip/xc32/v2.41/bin/bin/../../lib/gcc/pic32c/6.2.1/../../../../pic32c/lib\libpic32c.a(write.o)

.debug_line     0x00000000    0x107f6
 .debug_line    0x00000000      0x593 build/sam_l22_xpro/debug/_ext/1847749054/LTC2944.o
 .debug_line    0x00000593      0x5af build/sam_l22_xpro/debug/_ext/1847749054/comm.o
 .debug_line    0x00000b42      0x563 build/sam_l22_xpro/debug/_ext/1847749054/eeprom.o
 .debug_line    0x000010a5      0x48f build/sam_l22_xpro/debug/_ext/1847749054/global.o
 .debug_line    0x00001534      0x5cf build/sam_l22_xpro/debug/_ext/1847749054/gpio.o
 .debug_line    0x00001b03      0x502 build/sam_l22_xpro/debug/_ext/1847749054/lm75.o
 .debug_line    0x00002005      0x589 build/sam_l22_xpro/debug/_ext/1847749054/mgc3130.o
 .debug_line    0x0000258e      0x56a build/sam_l22_xpro/debug/_ext/1847749054/time.o
 .debug_line    0x00002af8      0x565 build/sam_l22_xpro/debug/_ext/1847749054/tm_event.o
 .debug_line    0x0000305d      0x7fb build/sam_l22_xpro/debug/_ext/1847749054/uart_M4.o
 .debug_line    0x00003858      0x63e build/sam_l22_xpro/debug/_ext/1847749054/g_stk8ba53.o